
elastix is started at Tue Oct  6 11:37:59 2026.

which elastix:   C:\Users\HSH Lab\ClearMap_Adjustments\tools\elastix\windows\elastix.exe
  elastix version: 5.3.1
  Git revision SHA: ef34ca99d84c226d1bb72d534c8a201526a5c034
  Git revision date: Tue Mar 17 16:49:15 2026 +0100
  Build date: Mar 17 2026 16:13:47
  Compiler: Visual C++ version 194435223.0
  Memory address size: 64-bit
  CMake version: 4.2.3
  ITK version: 5.4.5

Command-line arguments: 
  -f .\Examples\TranslationExample\output\fixed.tif -m .\Examples\TranslationExample\output\moving_shifted.tif -p .\ImarisRegistrationTool\Parameters\translation.txt -out .\Examples\TranslationExample\output

elastix runs at: HSHLab-PC
  Windows  Professional (x64),  (Build 9200)
  with 130885 MB memory, and 14 cores @ 3494 MHz.
-------------------------------------------------------------------------

Running elastix with parameter file 0: ".\ImarisRegistrationTool\Parameters\translation.txt".

Current time: Tue Oct  6 11:37:59 2026.
Reading the elastix parameters from file ...

Installing all components.
InstallingComponents was successful.

ELASTIX version: 5.3.1
Git revision SHA: ef34ca99d84c226d1bb72d534c8a201526a5c034
Git revision date: Tue Mar 17 16:49:15 2026 +0100
Command line options from ElastixBase:
-f        .\Examples\TranslationExample\output\fixed.tif
-m        .\Examples\TranslationExample\output\moving_shifted.tif
-fMask    unspecified, so no fixed mask used
-mMask    unspecified, so no moving mask used
-out      .\Examples\TranslationExample\output\
-p        .\ImarisRegistrationTool\Parameters\translation.txt
-priority unspecified, so NORMAL process priority
-threads  unspecified, so all available threads are used
WARNING: The parameter "UseDirectionCosines", requested at entry number 0, does not exist at all.
  The default value "true" is used instead.

WARNING: The option "UseDirectionCosines" was not found in your parameter file.
  From elastix 4.8 it defaults to true!
This may change the behavior of your registrations considerably.

Command line options from TransformBase:
-t0       unspecified, so no initial transform used

=============== start of ParameterFile: .\ImarisRegistrationTool\Parameters\translation.txt ===============
(FixedImageDimension 3)
(MovingImageDimension 3)
(FixedInternalImagePixelType "float")
(MovingInternalImagePixelType "float")

(Registration "MultiResolutionRegistration")
(Transform "TranslationTransform")
(Metric "AdvancedMeanSquares")
(Optimizer "AdaptiveStochasticGradientDescent")

(FixedImagePyramid "FixedRecursiveImagePyramid")
(MovingImagePyramid "MovingRecursiveImagePyramid")
(NumberOfResolutions 3)

(ImageSampler "Full")
(AutomaticParameterEstimation "true")
(MaximumNumberOfIterations 256)

(Interpolator "BSplineInterpolator")
(BSplineInterpolationOrder 1)
(Resampler "DefaultResampler")
(ResampleInterpolator "FinalBSplineInterpolator")
(FinalBSplineInterpolationOrder 1)

(DefaultPixelValue 0)
(WriteResultImage "true")
(ResultImageFormat "tif")
(ResultImagePixelType "float")

=============== end of ParameterFile: .\ImarisRegistrationTool\Parameters\translation.txt ===============


Reading images...
Reading images took 8 ms.

WARNING: the fixed pyramid schedule is not fully specified!
  A default pyramid schedule is used.
WARNING: the moving pyramid schedule is not fully specified!
  A default pyramid schedule is used.
WARNING: The parameter "AutomaticTransformInitialization", requested at entry number 0, does not exist at all.
  The default value "false" is used instead.
Transform parameters are initialized as: [0, 0, 0]
Initialization of all components (before registration) took: 0 ms.
Preparation of the image pyramids took: 17 ms.

Resolution: 0
WARNING: The parameter "NewSamplesEveryIteration", requested at entry number 0, does not exist at all.
  The default value "false" is used instead.
WARNING: The parameter "ShowExactMetricValue", requested at entry number 0, does not exist at all.
  The default value "false" is used instead.
WARNING: The parameter "CheckNumberOfSamples", requested at entry number 0, does not exist at all.
  The default value "true" is used instead.
WARNING: The parameter "UseMultiThreadingForMetrics", requested at entry number 0, does not exist at all.
  The default value "true" is used instead.
WARNING: The parameter "NewSamplesEveryIteration", requested at entry number 0, does not exist at all.
  The default value "false" is used instead.
Setting the fixed masks took: 0 ms.
Setting the moving masks took: 0 ms.
WARNING: The parameter "UseNormalization", requested at entry number 0, does not exist at all.
  The default value "false" is used instead.
WARNING: The parameter "SP_A", requested at entry number 0, does not exist at all.
  The default value "20" is used instead.
WARNING: The parameter "MaximumNumberOfSamplingAttempts", requested at entry number 0, does not exist at all.
  The default value "0" is used instead.
WARNING: The parameter "SigmoidInitialTime", requested at entry number 0, does not exist at all.
  The default value "0" is used instead.
WARNING: The parameter "MaxBandCovSize", requested at entry number 0, does not exist at all.
  The default value "192" is used instead.
WARNING: The parameter "NumberOfBandStructureSamples", requested at entry number 0, does not exist at all.
  The default value "10" is used instead.
WARNING: The parameter "UseAdaptiveStepSizes", requested at entry number 0, does not exist at all.
  The default value "true" is used instead.
WARNING: The parameter "UseConstantStep", requested at entry number 0, does not exist at all.
  The default value "false" is used instead.
WARNING: The parameter "MaximumStepLengthRatio", requested at entry number 0, does not exist at all.
  The default value "1" is used instead.
WARNING: The parameter "MaximumStepLength", requested at entry number 0, does not exist at all.
  The default value "1" is used instead.
WARNING: The parameter "NumberOfGradientMeasurements", requested at entry number 0, does not exist at all.
  The default value "0" is used instead.
WARNING: The parameter "NumberOfJacobianMeasurements", requested at entry number 0, does not exist at all.
  The default value "1000" is used instead.
WARNING: The parameter "NumberOfSamplesForExactGradient", requested at entry number 0, does not exist at all.
  The default value "100000" is used instead.
WARNING: The parameter "SigmoidScaleFactor", requested at entry number 0, does not exist at all.
  The default value "0.1" is used instead.
Elastix initialization of all components (for this resolution) took: 2 ms.
Initialization of AdvancedMeanSquares metric took: 0 ms.
Starting automatic parameter estimation for AdaptiveStochasticGradientDescent ...
WARNING: The parameter "ASGDParameterEstimationMethod", requested at entry number 0, does not exist at all.
  The default value "Original" is used instead.
  Computing JacobianTerms ...
  Computing the Jacobian terms took 0.000484s
  NumberOfGradientMeasurements to estimate sigma_i: 11
  Sampling gradients ...
  Sampling the gradients took 0.007370s
Automatic parameter estimation took 0.01s
1:ItNr	2:Metric	3a:Time	3b:StepSize	4:||Gradient||	Time[ms]
0	28.073756	0.000000	0.135423	5.691668	9.5
1	23.969170	0.000000	0.135423	4.958685	0.7
2	20.853834	0.000000	0.135423	4.319699	0.7
3	18.902992	0.000000	0.135423	3.848713	0.6
4	17.029376	0.000000	0.135423	3.340790	0.6
5	15.617720	0.000000	0.135423	2.899634	0.6
6	14.554312	0.000000	0.135423	2.516527	0.7
7	13.753367	0.000000	0.135423	2.183889	0.7
8	13.096966	0.000000	0.135423	4.980258	0.7
9	9.955789	0.000000	0.135423	4.334537	0.6
10	7.576467	0.000000	0.135423	3.772145	0.6
11	5.774594	0.000000	0.135423	3.282393	0.7
12	4.504338	0.000000	0.135423	2.922924	0.6
13	3.424285	0.000000	0.135423	2.534165	0.6
14	2.612456	0.000000	0.135423	2.196954	0.6
15	2.002322	0.000000	0.135423	1.904507	0.6
16	1.543821	0.000000	0.135423	1.650924	0.6
17	1.199294	0.000000	0.135423	1.431076	0.6
18	0.940417	0.000000	0.135423	1.240505	0.6
19	0.821496	0.000000	0.135423	0.436304	0.6
20	0.795951	0.000000	0.135423	0.428375	0.6
21	0.771325	0.000000	0.135423	0.420624	0.6
22	0.747581	0.000000	0.135423	0.413047	0.6
23	0.724684	0.000000	0.135423	0.405637	0.6
24	0.702601	0.000000	0.135423	0.398391	0.6
25	0.681298	0.000000	0.135423	0.391304	0.7
26	0.660746	0.000000	0.135423	0.384369	0.6
27	0.640916	0.000000	0.135423	0.377585	0.5
28	0.621778	0.000000	0.135423	0.370945	0.6
29	0.603307	0.000000	0.135423	0.364447	0.8
30	0.585477	0.000000	0.135423	0.358085	0.6
31	0.568264	0.000000	0.135423	0.351858	0.7
32	0.551643	0.000000	0.135423	0.345759	0.6
33	0.535593	0.000000	0.135423	0.339788	0.6
34	0.520092	0.000000	0.135423	0.333939	0.6
35	0.505120	0.000000	0.135423	0.328209	0.6
36	0.490657	0.000000	0.135423	0.322596	0.6
37	0.476684	0.000000	0.135423	0.317097	0.7
38	0.463183	0.000000	0.135423	0.311708	0.6
39	0.450137	0.000000	0.135423	0.306426	0.6
40	0.437528	0.000000	0.135423	0.301250	0.6
41	0.425342	0.000000	0.135423	0.296176	0.6
42	0.413562	0.000000	0.135423	0.291201	0.6
43	0.402175	0.000000	0.135423	0.286324	0.6
44	0.391166	0.000000	0.135423	0.281541	0.6
45	0.380521	0.000000	0.135423	0.276851	0.6
46	0.370227	0.000000	0.135423	0.272251	0.6
47	0.360273	0.000000	0.135423	0.267739	0.6
48	0.350645	0.000000	0.135423	0.263312	0.6
49	0.341334	0.000000	0.135423	0.258970	0.6
50	0.332326	0.000000	0.135423	0.254709	0.6
51	0.323612	0.000000	0.135423	0.250529	0.6
52	0.315182	0.000000	0.135423	0.246426	0.6
53	0.307026	0.000000	0.135423	0.242399	0.6
54	0.299134	0.000000	0.135423	0.238446	0.7
55	0.291497	0.000000	0.135423	0.234567	0.6
56	0.284106	0.000000	0.135423	0.230758	0.6
57	0.276953	0.000000	0.135423	0.227019	0.7
58	0.270030	0.000000	0.135423	0.223347	0.6
59	0.263329	0.000000	0.135423	0.219741	0.6
60	0.256843	0.000000	0.135423	0.216201	0.6
61	0.250564	0.000000	0.135423	0.212724	0.6
62	0.244485	0.000000	0.135423	0.209308	0.6
63	0.238600	0.000000	0.135423	0.205953	0.6
64	0.232901	0.000000	0.135423	0.202658	0.6
65	0.227384	0.000000	0.135423	0.199420	0.5
66	0.224442	0.000000	0.135423	0.201641	0.6
67	0.218980	0.000000	0.135423	0.198379	0.5
68	0.213694	0.000000	0.135423	0.195175	0.6
69	0.208577	0.000000	0.135423	0.192028	0.6
70	0.203623	0.000000	0.135423	0.188936	0.6
71	0.198828	0.000000	0.135423	0.185898	0.6
72	0.194186	0.000000	0.135423	0.182913	0.6
73	0.189691	0.000000	0.135423	0.179979	0.5
74	0.185340	0.000000	0.135423	0.177097	0.6
75	0.181126	0.000000	0.135423	0.174264	0.6
76	0.177047	0.000000	0.135423	0.171480	0.6
77	0.173096	0.000000	0.135423	0.168743	0.5
78	0.169271	0.000000	0.135423	0.166053	0.6
79	0.165566	0.000000	0.135423	0.163409	0.6
80	0.161979	0.000000	0.135423	0.160809	0.6
81	0.158505	0.000000	0.135423	0.158253	0.6
82	0.155140	0.000000	0.135423	0.155741	0.6
83	0.151882	0.000000	0.135423	0.153270	0.6
84	0.148726	0.000000	0.135423	0.150841	0.6
85	0.145669	0.000000	0.135423	0.148452	0.6
86	0.142708	0.000000	0.135423	0.146103	0.6
87	0.139840	0.000000	0.135423	0.143792	0.6
88	0.137062	0.000000	0.135423	0.141520	0.7
89	0.134371	0.000000	0.135423	0.139286	0.7
90	0.131765	0.000000	0.135423	0.137088	0.6
91	0.129240	0.000000	0.135423	0.134926	0.6
92	0.126794	0.000000	0.135423	0.132799	0.6
93	0.124424	0.000000	0.135423	0.130707	0.5
94	0.122129	0.000000	0.135423	0.128649	0.6
95	0.119905	0.000000	0.135423	0.126625	0.6
96	0.117751	0.000000	0.135423	0.124633	0.6
97	0.115664	0.000000	0.135423	0.122674	0.5
98	0.113642	0.000000	0.135423	0.120746	0.6
99	0.111683	0.000000	0.135423	0.118849	0.6
100	0.109785	0.000000	0.135423	0.116982	0.6
101	0.107947	0.000000	0.135423	0.115146	0.6
102	0.106165	0.000000	0.135423	0.113339	0.6
103	0.104439	0.000000	0.135423	0.111561	0.6
104	0.102767	0.000000	0.135423	0.109811	0.6
105	0.101147	0.000000	0.135423	0.108089	0.6
106	0.099577	0.000000	0.135423	0.106394	0.5
107	0.098056	0.000000	0.135423	0.104727	0.6
108	0.096582	0.000000	0.135423	0.103085	0.5
109	0.095155	0.000000	0.135423	0.101470	0.6
110	0.093771	0.000000	0.135423	0.099880	0.6
111	0.092431	0.000000	0.135423	0.098316	0.6
112	0.091132	0.000000	0.135423	0.096776	0.6
113	0.089874	0.000000	0.135423	0.095260	0.6
114	0.088654	0.000000	0.135423	0.093768	0.6
115	0.087473	0.000000	0.135423	0.092300	0.6
116	0.086328	0.000000	0.135423	0.090854	0.6
117	0.085219	0.000000	0.135423	0.089432	0.6
118	0.084145	0.000000	0.135423	0.088031	0.6
119	0.083103	0.000000	0.135423	0.086653	0.6
120	0.082094	0.000000	0.135423	0.085296	0.6
121	0.081117	0.000000	0.135423	0.083961	0.6
122	0.080170	0.000000	0.135423	0.082646	0.6
123	0.079252	0.000000	0.135423	0.081352	0.6
124	0.078363	0.000000	0.135423	0.080078	0.6
125	0.077501	0.000000	0.135423	0.078824	0.6
126	0.076666	0.000000	0.135423	0.077589	0.6
127	0.075857	0.000000	0.135423	0.076374	0.6
128	0.075074	0.000000	0.135423	0.075178	0.6
129	0.074314	0.000000	0.135423	0.074000	0.6
130	0.073578	0.000000	0.135423	0.072841	0.6
131	0.072866	0.000000	0.135423	0.071699	0.6
132	0.072175	0.000000	0.135423	0.070576	0.6
133	0.071506	0.000000	0.135423	0.069470	0.6
134	0.070857	0.000000	0.135423	0.068381	0.6
135	0.070229	0.000000	0.135423	0.067309	0.7
136	0.069620	0.000000	0.135423	0.066254	0.7
137	0.069030	0.000000	0.135423	0.065215	0.7
138	0.068459	0.000000	0.135423	0.064192	0.6
139	0.067905	0.000000	0.135423	0.063185	0.7
140	0.067369	0.000000	0.135423	0.062194	0.7
141	0.066849	0.000000	0.135423	0.061219	0.6
142	0.066346	0.000000	0.135423	0.060258	0.6
143	0.065858	0.000000	0.135423	0.059312	0.6
144	0.065385	0.000000	0.135423	0.058382	0.6
145	0.064927	0.000000	0.135423	0.057465	0.6
146	0.064483	0.000000	0.135423	0.056563	0.6
147	0.064054	0.000000	0.135423	0.055675	0.6
148	0.063637	0.000000	0.135423	0.054801	0.6
149	0.063234	0.000000	0.135423	0.053940	0.6
150	0.062843	0.000000	0.135423	0.053093	0.6
151	0.062464	0.000000	0.135423	0.052259	0.6
152	0.062097	0.000000	0.135423	0.051437	0.6
153	0.061741	0.000000	0.135423	0.050629	0.6
154	0.061397	0.000000	0.135423	0.049833	0.6
155	0.061063	0.000000	0.135423	0.049050	0.6
156	0.060740	0.000000	0.135423	0.048279	0.6
157	0.060427	0.000000	0.135423	0.047520	0.6
158	0.060124	0.000000	0.135423	0.046773	0.6
159	0.059827	0.000000	0.135423	0.047200	0.6
160	0.059528	0.000000	0.135423	0.046556	0.6
161	0.059236	0.000000	0.135423	0.045922	0.6
162	0.058953	0.000000	0.135423	0.045297	0.7
163	0.058677	0.000000	0.135423	0.044682	0.6
164	0.058408	0.000000	0.135423	0.044075	0.6
165	0.058147	0.000000	0.135423	0.043478	0.7
166	0.057893	0.000000	0.135423	0.042890	0.6
167	0.057645	0.000000	0.135423	0.042310	0.6
168	0.057404	0.000000	0.135423	0.041739	0.6
169	0.057170	0.000000	0.135423	0.041177	0.6
170	0.056942	0.000000	0.135423	0.040622	0.6
171	0.056720	0.000000	0.135423	0.040076	0.6
172	0.056504	0.000000	0.135423	0.039538	0.6
173	0.056294	0.000000	0.135423	0.039007	0.6
174	0.056089	0.000000	0.135423	0.038485	0.6
175	0.055890	0.000000	0.135423	0.037970	0.7
176	0.055696	0.000000	0.135423	0.037462	0.7
177	0.055507	0.000000	0.135423	0.036962	1.0
178	0.055323	0.000000	0.135423	0.036469	0.9
179	0.055144	0.000000	0.135423	0.035983	0.8
180	0.054970	0.000000	0.135423	0.035505	0.9
181	0.054801	0.000000	0.135423	0.035033	0.9
182	0.054636	0.000000	0.135423	0.034567	0.9
183	0.054475	0.000000	0.135423	0.034109	1.0
184	0.054318	0.000000	0.135423	0.033657	0.9
185	0.054166	0.000000	0.135423	0.033212	0.9
186	0.054017	0.000000	0.135423	0.032772	1.1
187	0.053873	0.000000	0.135423	0.032339	0.9
188	0.053732	0.000000	0.135423	0.032586	0.8
189	0.053589	0.000000	0.135423	0.032170	0.8
190	0.053450	0.000000	0.135423	0.031759	0.8
191	0.053314	0.000000	0.135423	0.031354	0.9
192	0.053182	0.000000	0.135423	0.030954	0.9
193	0.053053	0.000000	0.135423	0.030560	0.8
194	0.052927	0.000000	0.135423	0.030170	0.9
195	0.052805	0.000000	0.135423	0.029787	0.8
196	0.052685	0.000000	0.135423	0.029408	0.8
197	0.052569	0.000000	0.135423	0.029034	0.8
198	0.052456	0.000000	0.135423	0.028665	0.7
199	0.052345	0.000000	0.135423	0.028302	0.7
200	0.052237	0.000000	0.135423	0.027943	0.7
201	0.052132	0.000000	0.135423	0.027589	0.7
202	0.052030	0.000000	0.135423	0.027239	0.6
203	0.051930	0.000000	0.135423	0.026895	0.7
204	0.051833	0.000000	0.135423	0.026554	0.7
205	0.051738	0.000000	0.135423	0.026219	0.6
206	0.051645	0.000000	0.135423	0.025887	0.9
207	0.051555	0.000000	0.135423	0.025560	0.9
208	0.051467	0.000000	0.135423	0.025238	1.1
209	0.051381	0.000000	0.135423	0.024920	0.9
210	0.051298	0.000000	0.135423	0.024606	1.0
211	0.051216	0.000000	0.135423	0.024296	1.0
212	0.051137	0.000000	0.135423	0.023990	0.7
213	0.051059	0.000000	0.135423	0.023688	0.7
214	0.050984	0.000000	0.135423	0.023390	0.8
215	0.050910	0.000000	0.135423	0.023096	0.7
216	0.050839	0.000000	0.135423	0.022806	0.8
217	0.050769	0.000000	0.135423	0.022520	0.7
218	0.050700	0.000000	0.135423	0.022237	0.9
219	0.050634	0.000000	0.135423	0.021958	0.7
220	0.050569	0.000000	0.135423	0.021683	0.9
221	0.050506	0.000000	0.135423	0.021412	0.8
222	0.050444	0.000000	0.135423	0.021144	0.8
223	0.050384	0.000000	0.135423	0.020879	0.6
224	0.050325	0.000000	0.135423	0.020618	0.7
225	0.050268	0.000000	0.135423	0.020360	0.7
226	0.050212	0.000000	0.135423	0.020106	0.7
227	0.050158	0.000000	0.135423	0.019855	0.6
228	0.050105	0.000000	0.135423	0.019607	0.5
229	0.050053	0.000000	0.135423	0.019363	0.7
230	0.050002	0.000000	0.135423	0.019122	0.6
231	0.049953	0.000000	0.135423	0.018883	0.7
232	0.049905	0.000000	0.135423	0.018648	0.6
233	0.049858	0.000000	0.135423	0.018416	0.6
234	0.049813	0.000000	0.135423	0.018187	0.6
235	0.049768	0.000000	0.135423	0.017961	0.7
236	0.049725	0.000000	0.135423	0.017738	0.6
237	0.049683	0.000000	0.135423	0.017518	0.6
238	0.049641	0.000000	0.135423	0.017301	0.6
239	0.049601	0.000000	0.135423	0.017086	0.6
240	0.049562	0.000000	0.135423	0.016874	0.7
241	0.049523	0.000000	0.135423	0.016665	0.7
242	0.049486	0.000000	0.135423	0.016459	0.7
243	0.049449	0.000000	0.135423	0.016256	0.7
244	0.049414	0.000000	0.135423	0.016055	0.8
245	0.049379	0.000000	0.135423	0.015856	0.7
246	0.049345	0.000000	0.135423	0.015660	0.6
247	0.049312	0.000000	0.135423	0.015467	0.6
248	0.049280	0.000000	0.135423	0.015276	0.6
249	0.049249	0.000000	0.135423	0.015088	0.6
250	0.049218	0.000000	0.135423	0.014902	0.6
251	0.049188	0.000000	0.135423	0.014719	0.7
252	0.049159	0.000000	0.135423	0.014538	0.6
253	0.049131	0.000000	0.135423	0.014359	0.7
254	0.049103	0.000000	0.135423	0.014182	0.7
255	0.049076	0.000000	0.135423	0.014008	0.7
Time spent in resolution 0 (ITK initialization and iterating): 0.192
Stopping condition: Maximum number of iterations has been reached.
Settings of AdaptiveStochasticGradientDescent in resolution 0:
( SP_a 2.843893 )
( SP_A 20.000000 )
( SP_alpha 1.000000 )
( SigmoidMax 1.000000 )
( SigmoidMin -0.010000 )
( SigmoidScale 0.000000 )


Resolution: 1
WARNING: The parameter "NewSamplesEveryIteration", requested at entry number 1, does not exist at all.
  The default value "false" is used instead.
WARNING: The parameter "ShowExactMetricValue", requested at entry number 1, does not exist at all.
  The default value "false" is used instead.
WARNING: The parameter "CheckNumberOfSamples", requested at entry number 1, does not exist at all.
  The default value "true" is used instead.
WARNING: The parameter "UseMultiThreadingForMetrics", requested at entry number 1, does not exist at all.
  The default value "true" is used instead.
WARNING: The parameter "NewSamplesEveryIteration", requested at entry number 1, does not exist at all.
  The default value "false" is used instead.
Setting the fixed masks took: 0 ms.
Setting the moving masks took: 0 ms.
WARNING: The parameter "UseNormalization", requested at entry number 1, does not exist at all.
  The default value "false" is used instead.
WARNING: The parameter "SP_A", requested at entry number 1, does not exist at all.
  The default value "20" is used instead.
WARNING: The parameter "MaximumNumberOfSamplingAttempts", requested at entry number 1, does not exist at all.
  The default value "0" is used instead.
WARNING: The parameter "SigmoidInitialTime", requested at entry number 1, does not exist at all.
  The default value "0" is used instead.
WARNING: The parameter "MaxBandCovSize", requested at entry number 1, does not exist at all.
  The default value "192" is used instead.
WARNING: The parameter "NumberOfBandStructureSamples", requested at entry number 1, does not exist at all.
  The default value "10" is used instead.
WARNING: The parameter "UseAdaptiveStepSizes", requested at entry number 1, does not exist at all.
  The default value "true" is used instead.
WARNING: The parameter "UseConstantStep", requested at entry number 1, does not exist at all.
  The default value "false" is used instead.
WARNING: The parameter "MaximumStepLengthRatio", requested at entry number 1, does not exist at all.
  The default value "1" is used instead.
WARNING: The parameter "MaximumStepLength", requested at entry number 1, does not exist at all.
  The default value "1" is used instead.
WARNING: The parameter "NumberOfGradientMeasurements", requested at entry number 1, does not exist at all.
  The default value "0" is used instead.
WARNING: The parameter "NumberOfJacobianMeasurements", requested at entry number 1, does not exist at all.
  The default value "1000" is used instead.
WARNING: The parameter "NumberOfSamplesForExactGradient", requested at entry number 1, does not exist at all.
  The default value "100000" is used instead.
WARNING: The parameter "SigmoidScaleFactor", requested at entry number 1, does not exist at all.
  The default value "0.1" is used instead.
Elastix initialization of all components (for this resolution) took: 2 ms.
Initialization of AdvancedMeanSquares metric took: 2 ms.
Starting automatic parameter estimation for AdaptiveStochasticGradientDescent ...
WARNING: The parameter "ASGDParameterEstimationMethod", requested at entry number 0, does not exist at all.
  The default value "Original" is used instead.
  Computing JacobianTerms ...
  Computing the Jacobian terms took 0.000727s
  NumberOfGradientMeasurements to estimate sigma_i: 11
  Sampling gradients ...
  Sampling the gradients took 0.037621s
Automatic parameter estimation took 0.04s
1:ItNr	2:Metric	3a:Time	3b:StepSize	4:||Gradient||	Time[ms]
0	0.453779	0.000000	1.255533	0.548032	45.0
1	0.168376	0.000000	1.255533	0.311310	3.2
2	0.068575	0.000000	1.255533	0.194616	3.0
3	0.032529	0.000000	1.255533	0.105635	3.1
4	0.022810	0.000000	1.255533	0.058284	3.1
5	0.020218	0.000000	1.255533	0.034767	3.1
6	0.019404	0.000000	1.255533	0.020140	3.1
7	0.019166	0.000000	1.255533	0.014447	3.0
8	0.019133	1.000000	1.198463	0.011204	3.2
9	0.019120	2.000000	1.146356	0.007926	3.1
10	0.019071	3.000000	1.098591	0.003090	3.0
11	0.019087	2.990000	1.099049	0.007486	3.0
12	0.019090	3.990000	1.055070	0.004937	3.1
13	0.019075	4.990000	1.014474	0.009939	3.1
14	0.019106	4.980000	1.014865	0.008972	3.3
15	0.019097	5.980000	0.977249	0.005986	3.0
16	0.019071	6.980000	0.942323	0.003041	3.1
17	0.019087	6.970000	0.942660	0.007411	3.4
18	0.019086	7.970000	0.910120	0.004529	3.2
19	0.019071	8.970000	0.879753	0.002826	3.4
20	0.019083	8.960000	0.880046	0.007199	3.2
21	0.019084	9.960000	0.851621	0.004381	3.1
22	0.019072	10.960000	0.824975	0.009780	3.1
23	0.019094	10.950000	0.825233	0.008273	3.1
24	0.019091	11.950000	0.800188	0.005548	3.1
25	0.019072	12.950000	0.776618	0.003260	3.0
26	0.019083	12.940000	0.776847	0.007235	3.0
27	0.019082	13.940000	0.754613	0.004262	3.1
28	0.019071	14.940000	0.733617	0.002898	3.0
29	0.019080	14.930000	0.733821	0.007040	3.0
30	0.019081	15.930000	0.713950	0.004100	3.0
31	0.019071	16.930000	0.695128	0.002909	3.0
32	0.019079	16.920000	0.695311	0.006941	3.1
33	0.019081	17.920000	0.677446	0.004040	3.1
34	0.019071	18.920000	0.660476	0.002935	3.2
35	0.019077	18.910000	0.660641	0.006877	3.4
36	0.019080	19.910000	0.644493	0.003990	3.2
37	0.019071	20.910000	0.629115	0.008421	3.1
38	0.019082	20.900000	0.629265	0.007407	3.3
39	0.019084	21.900000	0.614597	0.004810	3.3
40	0.019072	22.900000	0.600597	0.003318	3.3
41	0.019078	22.890000	0.600733	0.006974	3.1
42	0.019079	23.890000	0.587351	0.004011	3.2
43	0.019071	24.890000	0.574552	0.002989	3.2
44	0.019077	24.880000	0.574677	0.006846	3.2
45	0.019078	25.880000	0.562419	0.003846	3.2
46	0.019071	26.880000	0.550672	0.002957	3.0
47	0.019076	26.870000	0.550787	0.006772	3.1
48	0.019078	27.870000	0.539517	0.003794	3.1
49	0.019071	28.870000	0.528698	0.002966	3.1
50	0.019075	28.860000	0.528804	0.006722	3.4
51	0.019078	29.860000	0.518407	0.003763	3.0
52	0.019071	30.860000	0.508411	0.002978	3.1
53	0.019074	30.850000	0.508509	0.006685	3.1
54	0.019078	31.850000	0.498887	0.003736	3.3
55	0.019071	32.850000	0.489623	0.002988	3.4
56	0.019074	32.840000	0.489714	0.006655	3.1
57	0.019078	33.840000	0.480784	0.003711	3.4
58	0.019072	34.840000	0.472174	0.002995	3.4
59	0.019073	34.830000	0.472258	0.006630	3.6
60	0.019077	35.830000	0.463948	0.003686	3.7
61	0.019072	36.830000	0.455926	0.003000	3.3
62	0.019073	36.820000	0.456005	0.006608	3.2
63	0.019077	37.820000	0.448252	0.003662	3.2
64	0.019072	38.820000	0.440759	0.003004	3.2
65	0.019072	38.810000	0.440832	0.006588	3.3
66	0.019077	39.810000	0.433583	0.003640	3.2
67	0.019072	40.810000	0.426568	0.003008	3.1
68	0.019072	40.800000	0.426637	0.006570	3.2
69	0.019077	41.800000	0.419844	0.003618	3.1
70	0.019072	42.800000	0.413263	0.003010	3.3
71	0.019072	42.790000	0.413328	0.006553	3.3
72	0.019076	43.790000	0.406948	0.003599	3.2
73	0.019072	44.790000	0.400763	0.003013	3.3
74	0.019072	44.780000	0.400824	0.006538	3.3
75	0.019076	45.780000	0.394822	0.003580	3.5
76	0.019072	46.780000	0.388997	0.003015	3.3
77	0.019071	46.770000	0.389054	0.006524	3.0
78	0.019076	47.770000	0.383397	0.003562	3.2
79	0.019072	48.770000	0.377902	0.003016	3.1
80	0.019071	48.760000	0.377956	0.006510	3.4
81	0.019076	49.760000	0.372614	0.003546	3.2
82	0.019072	50.760000	0.367422	0.003018	3.1
83	0.019071	50.750000	0.367473	0.006498	3.4
84	0.019076	51.750000	0.362422	0.003530	3.2
85	0.019072	52.750000	0.357508	0.003019	3.2
86	0.019071	52.740000	0.357556	0.006486	3.3
87	0.019076	53.740000	0.352772	0.003516	3.4
88	0.019072	54.740000	0.348114	0.003020	3.1
89	0.019071	54.730000	0.348160	0.006474	3.1
90	0.019076	55.730000	0.343623	0.003502	3.4
91	0.019072	56.730000	0.339202	0.003021	3.0
92	0.019070	56.720000	0.339246	0.006464	3.4
93	0.019075	57.720000	0.334936	0.003489	3.2
94	0.019072	58.720000	0.330735	0.003022	3.2
95	0.019070	58.710000	0.330776	0.006453	3.3
96	0.019075	59.710000	0.326678	0.003477	3.2
97	0.019072	60.710000	0.322680	0.003023	3.1
98	0.019070	60.700000	0.322720	0.006444	3.2
99	0.019075	61.700000	0.318817	0.003465	3.1
100	0.019072	62.700000	0.315008	0.003024	3.2
101	0.019070	62.690000	0.315046	0.006435	3.4
102	0.019075	63.690000	0.311326	0.003454	3.1
103	0.019072	64.690000	0.307693	0.003025	3.0
104	0.019070	64.680000	0.307729	0.006426	3.0
105	0.019075	65.680000	0.304178	0.003443	3.2
106	0.019072	66.680000	0.300709	0.003026	3.2
107	0.019070	66.670000	0.300744	0.006418	2.9
108	0.019075	67.670000	0.297352	0.003433	3.0
109	0.019072	68.670000	0.294036	0.003026	3.0
110	0.019069	68.660000	0.294069	0.006410	2.9
111	0.019075	69.660000	0.290825	0.003424	3.3
112	0.019072	70.660000	0.287652	0.003027	3.5
113	0.019069	70.650000	0.287683	0.006402	3.6
114	0.019075	71.650000	0.284578	0.003415	3.3
115	0.019072	72.650000	0.281540	0.003028	3.1
116	0.019069	72.640000	0.281570	0.006395	3.6
117	0.019075	73.640000	0.278595	0.003406	3.1
118	0.019072	74.640000	0.275682	0.003028	3.0
119	0.019069	74.630000	0.275710	0.002709	3.1
120	0.019074	74.620000	0.275739	0.006696	3.0
121	0.019072	75.620000	0.272885	0.003142	3.2
122	0.019070	76.620000	0.270090	0.002807	3.2
123	0.019072	76.610000	0.270118	0.006603	3.0
124	0.019073	77.610000	0.267378	0.003212	3.1
125	0.019070	78.610000	0.264694	0.002874	3.2
126	0.019071	78.600000	0.264721	0.006536	3.2
127	0.019073	79.600000	0.262089	0.003257	3.1
128	0.019071	80.600000	0.259510	0.002919	3.1
129	0.019071	80.590000	0.259535	0.006487	3.1
130	0.019074	81.590000	0.257005	0.003286	3.0
131	0.019071	82.590000	0.254524	0.002950	3.1
132	0.019070	82.580000	0.254549	0.006450	3.5
133	0.019074	83.580000	0.252115	0.003304	3.1
134	0.019071	84.580000	0.249727	0.002972	3.3
135	0.019070	84.570000	0.249751	0.006422	3.1
136	0.019074	85.570000	0.247407	0.003314	3.1
137	0.019071	86.570000	0.245107	0.002988	3.4
138	0.019069	86.560000	0.245130	0.006401	3.0
139	0.019074	87.560000	0.242872	0.003320	3.1
140	0.019071	88.560000	0.240655	0.002999	3.0
141	0.019069	88.550000	0.240677	0.002722	3.1
142	0.019073	88.540000	0.240699	0.006654	3.7
143	0.019072	89.540000	0.238522	0.003094	3.2
144	0.019070	90.540000	0.236383	0.002806	3.2
145	0.019072	90.530000	0.236404	0.006572	3.1
146	0.019073	91.530000	0.234304	0.003157	3.0
147	0.019070	92.530000	0.232240	0.002866	3.5
148	0.019071	92.520000	0.232260	0.006512	3.2
149	0.019073	93.520000	0.230232	0.003200	3.1
150	0.019071	94.520000	0.228239	0.002909	3.2
151	0.019070	94.510000	0.228259	0.006465	3.1
152	0.019073	95.510000	0.226300	0.003229	3.3
153	0.019071	96.510000	0.224374	0.002940	3.1
154	0.019070	96.500000	0.224393	0.006430	3.1
155	0.019073	97.500000	0.222499	0.003249	3.2
156	0.019071	98.500000	0.220638	0.002962	3.1
157	0.019069	98.490000	0.220656	0.006402	3.5
158	0.019073	99.490000	0.218825	0.003263	3.3
159	0.019071	100.490000	0.217024	0.002979	4.3
160	0.019069	100.480000	0.217041	0.002730	4.8
161	0.019073	100.470000	0.217059	0.006625	4.2
162	0.019072	101.470000	0.215287	0.003062	4.4
163	0.019070	102.470000	0.213543	0.002805	5.2
164	0.019072	102.460000	0.213561	0.006552	4.4
165	0.019072	103.460000	0.211845	0.003120	3.9
166	0.019070	104.460000	0.210156	0.002860	3.4
167	0.019071	104.450000	0.210173	0.006495	3.2
168	0.019073	105.450000	0.208511	0.003161	4.4
169	0.019071	106.450000	0.206875	0.002901	3.7
170	0.019070	106.440000	0.206891	0.006452	3.3
171	0.019073	107.440000	0.205280	0.003190	3.1
172	0.019071	108.440000	0.203694	0.002931	3.1
173	0.019069	108.430000	0.203710	0.006417	3.1
174	0.019073	109.430000	0.202148	0.003212	3.3
175	0.019071	110.430000	0.200610	0.002954	3.2
176	0.019069	110.420000	0.200625	0.002726	3.0
177	0.019073	110.410000	0.200641	0.006615	3.0
178	0.019072	111.410000	0.199125	0.003032	3.0
179	0.019070	112.410000	0.197633	0.002796	3.2
180	0.019071	112.400000	0.197648	0.006546	3.1
181	0.019072	113.400000	0.196177	0.003087	3.0
182	0.019070	114.400000	0.194728	0.002849	3.1
183	0.019071	114.390000	0.194743	0.006491	3.1
184	0.019072	115.390000	0.193315	0.003129	3.1
185	0.019070	116.390000	0.191908	0.002890	3.2
186	0.019070	116.380000	0.191922	0.006448	3.2
187	0.019072	117.380000	0.190535	0.003159	3.2
188	0.019071	118.380000	0.189168	0.002921	3.2
189	0.019069	118.370000	0.189181	0.006413	3.4
190	0.019073	119.370000	0.187834	0.003181	3.5
191	0.019071	120.370000	0.186505	0.002945	3.1
192	0.019069	120.360000	0.186518	0.002733	3.2
193	0.019072	120.350000	0.186531	0.006596	3.0
194	0.019071	121.350000	0.185221	0.003015	3.2
195	0.019070	122.350000	0.183929	0.002797	3.5
196	0.019071	122.340000	0.183942	0.006531	3.0
197	0.019072	123.340000	0.182667	0.003067	3.1
198	0.019070	124.340000	0.181410	0.002847	3.1
199	0.019070	124.330000	0.181423	0.006480	3.1
200	0.019072	125.330000	0.180183	0.003106	3.1
201	0.019070	126.330000	0.178960	0.002885	3.2
202	0.019070	126.320000	0.178972	0.006439	3.1
203	0.019072	127.320000	0.177766	0.003136	3.0
204	0.019071	128.320000	0.176575	0.002915	3.1
205	0.019069	128.310000	0.176587	0.006406	3.3
206	0.019072	129.310000	0.175412	0.003158	3.4
207	0.019071	130.310000	0.174253	0.002939	3.0
208	0.019069	130.300000	0.174264	0.002741	3.3
209	0.019072	130.290000	0.174276	0.006575	3.4
210	0.019071	131.290000	0.173131	0.003003	3.3
211	0.019070	132.290000	0.172002	0.002800	3.2
212	0.019071	132.280000	0.172013	0.006517	3.0
213	0.019072	133.280000	0.170898	0.003051	3.3
214	0.019070	134.280000	0.169798	0.002846	3.1
215	0.019070	134.270000	0.169809	0.006469	3.3
216	0.019072	135.270000	0.168722	0.003088	3.4
217	0.019070	136.270000	0.167649	0.002883	3.0
218	0.019070	136.260000	0.167660	0.006430	3.2
219	0.019072	137.260000	0.166600	0.003117	3.1
220	0.019071	138.260000	0.165554	0.002912	3.3
221	0.019069	138.250000	0.165565	0.002725	3.0
222	0.019072	138.240000	0.165575	0.006584	3.0
223	0.019071	139.240000	0.164542	0.002975	3.0
224	0.019070	140.240000	0.163521	0.002785	3.1
225	0.019071	140.230000	0.163532	0.006525	3.2
226	0.019071	141.230000	0.162524	0.003024	3.6
227	0.019070	142.230000	0.161528	0.002832	3.3
228	0.019070	142.220000	0.161538	0.006476	3.4
229	0.019072	143.220000	0.160554	0.003063	3.2
230	0.019070	144.220000	0.159582	0.002869	3.4
231	0.019070	144.210000	0.159592	0.006436	3.4
232	0.019072	145.210000	0.158632	0.003093	3.2
233	0.019070	146.210000	0.157683	0.002899	3.2
234	0.019069	146.200000	0.157693	0.001615	3.1
235	0.019070	147.200000	0.156755	0.002822	3.3
236	0.019070	148.200000	0.155829	0.006482	3.4
237	0.019072	149.200000	0.154913	0.003045	3.1
238	0.019070	150.200000	0.154008	0.002859	3.1
239	0.019070	150.190000	0.154017	0.006441	3.3
240	0.019072	151.190000	0.153123	0.003076	3.5
241	0.019070	152.190000	0.152239	0.002890	3.4
242	0.019069	152.180000	0.152247	0.006408	3.4
243	0.019072	153.180000	0.151373	0.003101	3.1
244	0.019071	154.180000	0.150509	0.002915	3.4
245	0.019069	154.170000	0.150518	0.002745	3.6
246	0.019071	154.160000	0.150526	0.006550	3.5
247	0.019071	155.160000	0.149672	0.002969	3.7
248	0.019070	156.160000	0.148827	0.002796	3.5
249	0.019071	156.150000	0.148835	0.006498	3.1
250	0.019071	157.150000	0.148000	0.003012	3.4
251	0.019070	158.150000	0.147174	0.002837	3.4
252	0.019070	158.140000	0.147182	0.006456	3.1
253	0.019072	159.140000	0.146365	0.003046	3.1
254	0.019070	160.140000	0.145557	0.002871	3.2
255	0.019069	160.130000	0.145565	0.006420	3.3
Time spent in resolution 1 (ITK initialization and iterating): 0.889
Stopping condition: Maximum number of iterations has been reached.
Settings of AdaptiveStochasticGradientDescent in resolution 1:
( SP_a 26.366191 )
( SP_A 20.000000 )
( SP_alpha 1.000000 )
( SigmoidMax 1.000000 )
( SigmoidMin -0.010000 )
( SigmoidScale 0.000000 )


Resolution: 2
WARNING: The parameter "NewSamplesEveryIteration", requested at entry number 2, does not exist at all.
  The default value "false" is used instead.
WARNING: The parameter "ShowExactMetricValue", requested at entry number 2, does not exist at all.
  The default value "false" is used instead.
WARNING: The parameter "CheckNumberOfSamples", requested at entry number 2, does not exist at all.
  The default value "true" is used instead.
WARNING: The parameter "UseMultiThreadingForMetrics", requested at entry number 2, does not exist at all.
  The default value "true" is used instead.
WARNING: The parameter "NewSamplesEveryIteration", requested at entry number 2, does not exist at all.
  The default value "false" is used instead.
Setting the fixed masks took: 0 ms.
Setting the moving masks took: 0 ms.
WARNING: The parameter "UseNormalization", requested at entry number 2, does not exist at all.
  The default value "false" is used instead.
WARNING: The parameter "SP_A", requested at entry number 2, does not exist at all.
  The default value "20" is used instead.
WARNING: The parameter "MaximumNumberOfSamplingAttempts", requested at entry number 2, does not exist at all.
  The default value "0" is used instead.
WARNING: The parameter "SigmoidInitialTime", requested at entry number 2, does not exist at all.
  The default value "0" is used instead.
WARNING: The parameter "MaxBandCovSize", requested at entry number 2, does not exist at all.
  The default value "192" is used instead.
WARNING: The parameter "NumberOfBandStructureSamples", requested at entry number 2, does not exist at all.
  The default value "10" is used instead.
WARNING: The parameter "UseAdaptiveStepSizes", requested at entry number 2, does not exist at all.
  The default value "true" is used instead.
WARNING: The parameter "UseConstantStep", requested at entry number 2, does not exist at all.
  The default value "false" is used instead.
WARNING: The parameter "MaximumStepLengthRatio", requested at entry number 2, does not exist at all.
  The default value "1" is used instead.
WARNING: The parameter "MaximumStepLength", requested at entry number 2, does not exist at all.
  The default value "1" is used instead.
WARNING: The parameter "NumberOfGradientMeasurements", requested at entry number 2, does not exist at all.
  The default value "0" is used instead.
WARNING: The parameter "NumberOfJacobianMeasurements", requested at entry number 2, does not exist at all.
  The default value "1000" is used instead.
WARNING: The parameter "NumberOfSamplesForExactGradient", requested at entry number 2, does not exist at all.
  The default value "100000" is used instead.
WARNING: The parameter "SigmoidScaleFactor", requested at entry number 2, does not exist at all.
  The default value "0.1" is used instead.
Elastix initialization of all components (for this resolution) took: 1 ms.
Initialization of AdvancedMeanSquares metric took: 13 ms.
Starting automatic parameter estimation for AdaptiveStochasticGradientDescent ...
WARNING: The parameter "ASGDParameterEstimationMethod", requested at entry number 0, does not exist at all.
  The default value "Original" is used instead.
  Computing JacobianTerms ...
  Computing the Jacobian terms took 0.000505s
  NumberOfGradientMeasurements to estimate sigma_i: 11
  Sampling gradients ...
  Sampling the gradients took 0.265756s
Automatic parameter estimation took 0.27s
1:ItNr	2:Metric	3a:Time	3b:StepSize	4:||Gradient||	Time[ms]
0	0.009192	0.000000	0.189085	0.376680	304.3
1	0.005970	0.000000	0.189085	0.372863	23.5
2	0.008400	1.000000	0.180491	0.410250	23.4
3	0.007529	2.000000	0.172643	0.442728	23.3
4	0.009376	3.000000	0.165450	0.428272	22.7
5	0.005295	4.000000	0.158832	0.364410	23.8
6	0.004592	5.000000	0.152723	0.303803	23.2
7	0.001918	6.000000	0.147066	0.217343	22.8
8	0.001204	7.000000	0.141814	0.157656	24.1
9	0.000381	8.000000	0.136924	0.094826	23.1
10	0.000161	9.000000	0.132360	0.057843	22.8
11	0.000038	10.000000	0.128090	0.028353	23.5
12	0.000009	11.000000	0.124087	0.013193	23.7
13	0.000002	12.000000	0.120327	0.006881	23.5
14	0.000000	13.000000	0.116788	0.003634	23.2
15	0.000000	14.000000	0.113451	0.001828	23.0
16	0.000000	15.000000	0.110300	0.000718	23.3
17	0.000000	16.000000	0.107319	0.000287	23.6
18	0.000000	17.000000	0.104495	0.000118	22.8
19	0.000000	18.000000	0.101815	0.000026	23.9
20	0.000000	19.000000	0.099270	0.000008	23.4
21	0.000000	18.990000	0.099295	0.000003	23.3
22	0.000000	18.980000	0.099319	0.000002	24.1
23	0.000000	18.970000	0.099344	0.000001	23.3
24	0.000000	18.960000	0.099369	0.000001	23.7
25	0.000000	18.950000	0.099394	0.000000	23.9
26	0.000000	18.940000	0.099419	0.000000	23.7
27	0.000000	18.930001	0.099444	0.000000	24.0
28	0.000000	18.920204	0.099468	0.000000	23.4
29	0.000000	18.912314	0.099488	0.000000	23.6
30	0.000000	18.907686	0.099499	0.000000	23.1
31	0.000000	18.905487	0.099505	0.000000	23.5
32	0.000000	18.904542	0.099507	0.000000	24.0
33	0.000000	18.904153	0.099508	0.000000	23.3
34	0.000000	18.903995	0.099509	0.000000	23.8
35	0.000000	18.903932	0.099509	0.000000	23.8
36	0.000000	18.903906	0.099509	0.000000	23.6
37	0.000000	18.903896	0.099509	0.000000	25.9
38	0.000000	18.903892	0.099509	0.000000	24.3
39	0.000000	18.903891	0.099509	0.000000	23.2
40	0.000000	18.903890	0.099509	0.000000	23.3
41	0.000000	18.903890	0.099509	0.000000	25.2
42	0.000000	18.903890	0.099509	0.000000	24.2
43	0.000000	18.903890	0.099509	0.000000	23.2
44	0.000000	18.903889	0.099509	0.000000	23.3
45	0.000000	18.903889	0.099509	0.000000	23.2
46	0.000000	18.903889	0.099509	0.000000	23.9
47	0.000000	18.903889	0.099509	0.000000	22.8
48	0.000000	18.903889	0.099509	0.000000	22.7
49	0.000000	18.903889	0.099509	0.000000	24.0
50	0.000000	18.903889	0.099509	0.000000	23.6
51	0.000000	18.903889	0.099509	0.000000	23.6
52	0.000000	18.903889	0.099509	0.000000	23.4
53	0.000000	18.903889	0.099509	0.000000	26.3
54	0.000000	18.903889	0.099509	0.000000	25.4
55	0.000000	18.903889	0.099509	0.000000	24.0
56	0.000000	18.903889	0.099509	0.000000	29.5
57	0.000000	18.903889	0.099509	0.000000	25.4
58	0.000000	18.903889	0.099509	0.000000	23.4
59	0.000000	18.903889	0.099509	0.000000	24.1
60	0.000000	18.903889	0.099509	0.000000	25.0
61	0.000000	18.903889	0.099509	0.000000	24.5
62	0.000000	18.903889	0.099509	0.000000	23.9
63	0.000000	18.903889	0.099509	0.000000	23.3
64	0.000000	18.903889	0.099509	0.000000	25.1
65	0.000000	18.903889	0.099509	0.000000	22.9
66	0.000000	18.903889	0.099509	0.000000	22.9
67	0.000000	18.903889	0.099509	0.000000	24.1
68	0.000000	18.903889	0.099509	0.000000	24.0
69	0.000000	18.903889	0.099509	0.000000	23.8
70	0.000000	18.903889	0.099509	0.000000	24.1
71	0.000000	18.903889	0.099509	0.000000	23.7
72	0.000000	18.903889	0.099509	0.000000	23.3
73	0.000000	18.903889	0.099509	0.000000	23.3
74	0.000000	18.903889	0.099509	0.000000	23.2
75	0.000000	18.903889	0.099509	0.000000	23.5
76	0.000000	18.903889	0.099509	0.000000	23.2
77	0.000000	18.903889	0.099509	0.000000	23.4
78	0.000000	18.903889	0.099509	0.000000	23.5
79	0.000000	18.903889	0.099509	0.000000	23.0
80	0.000000	18.903889	0.099509	0.000000	22.8
81	0.000000	18.903889	0.099509	0.000000	23.6
82	0.000000	18.903889	0.099509	0.000000	23.1
83	0.000000	18.903889	0.099509	0.000000	23.9
84	0.000000	18.903889	0.099509	0.000000	23.2
85	0.000000	18.903889	0.099509	0.000000	23.6
86	0.000000	18.903889	0.099509	0.000000	24.0
87	0.000000	18.903889	0.099509	0.000000	23.5
88	0.000000	18.903889	0.099509	0.000000	24.4
89	0.000000	18.903889	0.099509	0.000000	23.6
90	0.000000	18.903889	0.099509	0.000000	24.3
91	0.000000	18.903889	0.099509	0.000000	24.2
92	0.000000	18.903889	0.099509	0.000000	24.2
93	0.000000	18.903889	0.099509	0.000000	23.6
94	0.000000	18.903889	0.099509	0.000000	24.2
95	0.000000	18.903889	0.099509	0.000000	23.1
96	0.000000	18.903889	0.099509	0.000000	24.1
97	0.000000	18.903889	0.099509	0.000000	23.6
98	0.000000	18.903889	0.099509	0.000000	22.9
99	0.000000	18.903889	0.099509	0.000000	24.0
100	0.000000	18.903889	0.099509	0.000000	23.3
101	0.000000	18.903889	0.099509	0.000000	23.0
102	0.000000	18.903889	0.099509	0.000000	24.1
103	0.000000	18.903889	0.099509	0.000000	23.2
104	0.000000	18.903889	0.099509	0.000000	23.9
105	0.000000	18.903889	0.099509	0.000000	25.0
106	0.000000	18.903889	0.099509	0.000000	30.0
107	0.000000	18.903889	0.099509	0.000000	24.0
108	0.000000	18.903889	0.099509	0.000000	23.6
109	0.000000	18.903889	0.099509	0.000000	23.1
110	0.000000	18.903889	0.099509	0.000000	23.1
111	0.000000	18.903889	0.099509	0.000000	23.0
112	0.000000	18.903889	0.099509	0.000000	23.7
113	0.000000	18.903889	0.099509	0.000000	23.3
114	0.000000	18.903889	0.099509	0.000000	23.1
115	0.000000	18.903889	0.099509	0.000000	23.3
116	0.000000	18.903889	0.099509	0.000000	23.7
117	0.000000	18.903889	0.099509	0.000000	22.9
118	0.000000	18.903889	0.099509	0.000000	24.9
119	0.000000	18.903889	0.099509	0.000000	23.3
120	0.000000	18.903889	0.099509	0.000000	23.7
121	0.000000	18.903889	0.099509	0.000000	23.5
122	0.000000	18.903889	0.099509	0.000000	23.8
123	0.000000	18.903889	0.099509	0.000000	24.0
124	0.000000	18.903889	0.099509	0.000000	23.3
125	0.000000	18.903889	0.099509	0.000000	23.3
126	0.000000	18.903889	0.099509	0.000000	23.6
127	0.000000	18.903889	0.099509	0.000000	23.1
128	0.000000	18.903889	0.099509	0.000000	23.4
129	0.000000	18.903889	0.099509	0.000000	23.7
130	0.000000	18.903889	0.099509	0.000000	23.4
131	0.000000	18.903889	0.099509	0.000000	23.3
132	0.000000	18.903889	0.099509	0.000000	23.7
133	0.000000	18.903889	0.099509	0.000000	23.9
134	0.000000	18.903889	0.099509	0.000000	24.0
135	0.000000	18.903889	0.099509	0.000000	23.7
136	0.000000	18.903889	0.099509	0.000000	23.8
137	0.000000	18.903889	0.099509	0.000000	24.2
138	0.000000	18.903889	0.099509	0.000000	24.1
139	0.000000	18.903889	0.099509	0.000000	23.3
140	0.000000	18.903889	0.099509	0.000000	24.5
141	0.000000	18.903889	0.099509	0.000000	23.8
142	0.000000	18.903889	0.099509	0.000000	25.0
143	0.000000	18.903889	0.099509	0.000000	23.4
144	0.000000	18.903889	0.099509	0.000000	23.9
145	0.000000	18.903889	0.099509	0.000000	23.7
146	0.000000	18.903889	0.099509	0.000000	23.0
147	0.000000	18.903889	0.099509	0.000000	28.2
148	0.000000	18.903889	0.099509	0.000000	27.2
149	0.000000	18.903889	0.099509	0.000000	23.5
150	0.000000	18.903889	0.099509	0.000000	23.7
151	0.000000	18.903889	0.099509	0.000000	26.9
152	0.000000	18.903889	0.099509	0.000000	28.8
153	0.000000	18.903889	0.099509	0.000000	28.9
154	0.000000	18.903889	0.099509	0.000000	25.0
155	0.000000	18.903889	0.099509	0.000000	26.4
156	0.000000	18.903889	0.099509	0.000000	24.8
157	0.000000	18.903889	0.099509	0.000000	23.9
158	0.000000	18.903889	0.099509	0.000000	23.7
159	0.000000	18.903889	0.099509	0.000000	23.3
160	0.000000	18.903889	0.099509	0.000000	24.6
161	0.000000	18.903889	0.099509	0.000000	23.0
162	0.000000	18.903889	0.099509	0.000000	22.8
163	0.000000	18.903889	0.099509	0.000000	24.1
164	0.000000	18.903889	0.099509	0.000000	23.6
165	0.000000	18.903889	0.099509	0.000000	24.0
166	0.000000	18.903889	0.099509	0.000000	23.1
167	0.000000	18.903889	0.099509	0.000000	23.1
168	0.000000	18.903889	0.099509	0.000000	24.4
169	0.000000	18.903889	0.099509	0.000000	23.3
170	0.000000	18.903889	0.099509	0.000000	23.2
171	0.000000	18.903889	0.099509	0.000000	23.5
172	0.000000	18.903889	0.099509	0.000000	23.5
173	0.000000	18.903889	0.099509	0.000000	23.4
174	0.000000	18.903889	0.099509	0.000000	23.7
175	0.000000	18.903889	0.099509	0.000000	22.9
176	0.000000	18.903889	0.099509	0.000000	23.1
177	0.000000	18.903889	0.099509	0.000000	23.6
178	0.000000	18.903889	0.099509	0.000000	23.0
179	0.000000	18.903889	0.099509	0.000000	23.9
180	0.000000	18.903889	0.099509	0.000000	23.5
181	0.000000	18.903889	0.099509	0.000000	26.2
182	0.000000	18.903889	0.099509	0.000000	29.3
183	0.000000	18.903889	0.099509	0.000000	28.1
184	0.000000	18.903889	0.099509	0.000000	26.0
185	0.000000	18.903889	0.099509	0.000000	23.4
186	0.000000	18.903889	0.099509	0.000000	23.5
187	0.000000	18.903889	0.099509	0.000000	23.8
188	0.000000	18.903889	0.099509	0.000000	23.1
189	0.000000	18.903889	0.099509	0.000000	24.8
190	0.000000	18.903889	0.099509	0.000000	22.8
191	0.000000	18.903889	0.099509	0.000000	23.9
192	0.000000	18.903889	0.099509	0.000000	25.9
193	0.000000	18.903889	0.099509	0.000000	26.8
194	0.000000	18.903889	0.099509	0.000000	29.6
195	0.000000	18.903889	0.099509	0.000000	23.3
196	0.000000	18.903889	0.099509	0.000000	24.7
197	0.000000	18.903889	0.099509	0.000000	23.9
198	0.000000	18.903889	0.099509	0.000000	23.3
199	0.000000	18.903889	0.099509	0.000000	24.2
200	0.000000	18.903889	0.099509	0.000000	23.5
201	0.000000	18.903889	0.099509	0.000000	23.0
202	0.000000	18.903889	0.099509	0.000000	24.4
203	0.000000	18.903889	0.099509	0.000000	23.3
204	0.000000	18.903889	0.099509	0.000000	23.3
205	0.000000	18.903889	0.099509	0.000000	23.3
206	0.000000	18.903889	0.099509	0.000000	23.2
207	0.000000	18.903889	0.099509	0.000000	23.3
208	0.000000	18.903889	0.099509	0.000000	23.4
209	0.000000	18.903889	0.099509	0.000000	23.4
210	0.000000	18.903889	0.099509	0.000000	23.8
211	0.000000	18.903889	0.099509	0.000000	22.8
212	0.000000	18.903889	0.099509	0.000000	23.4
213	0.000000	18.903889	0.099509	0.000000	24.4
214	0.000000	18.903889	0.099509	0.000000	23.1
215	0.000000	18.903889	0.099509	0.000000	23.4
216	0.000000	18.903889	0.099509	0.000000	23.5
217	0.000000	18.903889	0.099509	0.000000	23.0
218	0.000000	18.903889	0.099509	0.000000	24.1
219	0.000000	18.903889	0.099509	0.000000	23.6
220	0.000000	18.903889	0.099509	0.000000	22.9
221	0.000000	18.903889	0.099509	0.000000	24.3
222	0.000000	18.903889	0.099509	0.000000	23.0
223	0.000000	18.903889	0.099509	0.000000	23.1
224	0.000000	18.903889	0.099509	0.000000	23.3
225	0.000000	18.903889	0.099509	0.000000	23.1
226	0.000000	18.903889	0.099509	0.000000	24.0
227	0.000000	18.903889	0.099509	0.000000	23.5
228	0.000000	18.903889	0.099509	0.000000	23.2
229	0.000000	18.903889	0.099509	0.000000	24.6
230	0.000000	18.903889	0.099509	0.000000	23.3
231	0.000000	18.903889	0.099509	0.000000	23.7
232	0.000000	18.903889	0.099509	0.000000	23.7
233	0.000000	18.903889	0.099509	0.000000	23.0
234	0.000000	18.903889	0.099509	0.000000	23.4
235	0.000000	18.903889	0.099509	0.000000	23.3
236	0.000000	18.903889	0.099509	0.000000	23.1
237	0.000000	18.903889	0.099509	0.000000	23.2
238	0.000000	18.903889	0.099509	0.000000	30.6
239	0.000000	18.903889	0.099509	0.000000	25.4
240	0.000000	18.903889	0.099509	0.000000	23.3
241	0.000000	18.903889	0.099509	0.000000	23.3
242	0.000000	18.903889	0.099509	0.000000	23.6
243	0.000000	18.903889	0.099509	0.000000	23.5
244	0.000000	18.903889	0.099509	0.000000	23.8
245	0.000000	18.903889	0.099509	0.000000	23.8
246	0.000000	18.903889	0.099509	0.000000	23.8
247	0.000000	18.903889	0.099509	0.000000	23.9
248	0.000000	18.903889	0.099509	0.000000	23.8
249	0.000000	18.903889	0.099509	0.000000	23.3
250	0.000000	18.903889	0.099509	0.000000	24.8
251	0.000000	18.903889	0.099509	0.000000	23.6
252	0.000000	18.903889	0.099509	0.000000	23.1
253	0.000000	18.903889	0.099509	0.000000	24.0
254	0.000000	18.903889	0.099509	0.000000	23.5
255	0.000000	18.903889	0.099509	0.000000	22.8
Time spent in resolution 2 (ITK initialization and iterating): 6.43
Stopping condition: Maximum number of iterations has been reached.
Settings of AdaptiveStochasticGradientDescent in resolution 2:
( SP_a 3.970793 )
( SP_A 20.000000 )
( SP_alpha 1.000000 )
( SigmoidMax 1.000000 )
( SigmoidMin -0.010000 )
( SigmoidScale 0.000000 )



=============== start of TransformParameterFile ===============
(Direction 1 0 0 0 1 0 0 0 1)
(FixedImageDimension 3)
(FixedInternalImagePixelType "float")
(HowToCombineTransforms "Compose")
(Index 0 0 0)
(InitialTransformParameterFileName "NoInitialTransform")
(MovingImageDimension 3)
(MovingInternalImagePixelType "float")
(NumberOfParameters 3)
(Origin 0 0 0)
(Size 180 160 40)
(Spacing 1 1 1)
(Transform "TranslationTransform")
(TransformParameters 10.000000000000005 -1.8391655086856286e-15 -1.0035074859806423e-15)
(UseDirectionCosines "true")

// ResampleInterpolator specific
(FinalBSplineInterpolationOrder 1)
(ResampleInterpolator "FinalBSplineInterpolator")

// Resampler specific
(CompressResultImage "false")
(DefaultPixelValue 0)
(Resampler "DefaultResampler")
(ResultImageFormat "tif")
(ResultImagePixelType "float")

=============== end of TransformParameterFile ===============

Creating the TransformParameterFile took 0.00s

Registration result checksum: 649626670

Applying final transform ...
  Applying final transform took 0.04s

Final metric value  = 3.36859e-29
Settings of AdaptiveStochasticGradientDescent for all resolutions:
( SP_a 2.843893 26.366191 3.970793 )
( SP_A 20.000000 20.000000 20.000000 )
( SP_alpha 1.000000 1.000000 1.000000 )
( SigmoidMax 1.000000 1.000000 1.000000 )
( SigmoidMin -0.010000 -0.010000 -0.010000 )
( SigmoidScale 0.000000 0.000000 0.000000 )

Time spent on saving the results, applying the final transform etc.: 40 ms.
Running elastix with parameter file 0: ".\ImarisRegistrationTool\Parameters\translation.txt", has finished.


Current time: Tue Oct  6 11:38:06 2026.
Time used for running elastix with this parameter file:
  7.6s.

-------------------------------------------------------------------------

Total time elapsed: 7.7s.

