
elastix is started at Fri Sep 18 11:57:12 2026.

which elastix:   ./tools/elastix/bin/elastix
  elastix version: 5.3.1
  Git revision SHA: ef34ca99d84c226d1bb72d534c8a201526a5c034
  Git revision date: Tue Mar 17 16:49:15 2026 +0100
  Build date: Mar 17 2026 15:57:24
  Compiler: Clang version Apple LLVM 15.0.0 (clang-1500.3.9.4)
  Compiler: GCC version Apple LLVM 15.0.0 (clang-1500.3.9.4)
  Memory address size: 64-bit
  CMake version: 4.2.3
  ITK version: 5.4.5

Command-line arguments: 
  -f examples/affine_example/output/fixed.tif -m examples/affine_example/output/moving_affine.tif -p examples/affine_example/affine.txt -out examples/affine_example/output/alignment_affine

elastix runs at: Danis-MacBook-Neo.local
  macOS 26.6.2 (x64), 25G83
  with 8192 MB memory, and 6 cores @ 0 MHz.
-------------------------------------------------------------------------

Running elastix with parameter file 0: "examples/affine_example/affine.txt".

Current time: Fri Sep 18 11:57:12 2026.
Reading the elastix parameters from file ...

Installing all components.
InstallingComponents was successful.

ELASTIX version: 5.3.1
Git revision SHA: ef34ca99d84c226d1bb72d534c8a201526a5c034
Git revision date: Tue Mar 17 16:49:15 2026 +0100
Command line options from ElastixBase:
-f        examples/affine_example/output/fixed.tif
-m        examples/affine_example/output/moving_affine.tif
-fMask    unspecified, so no fixed mask used
-mMask    unspecified, so no moving mask used
-out      examples/affine_example/output/alignment_affine/
-p        examples/affine_example/affine.txt
-threads  unspecified, so all available threads are used
WARNING: The parameter "UseDirectionCosines", requested at entry number 0, does not exist at all.
  The default value "true" is used instead.

WARNING: The option "UseDirectionCosines" was not found in your parameter file.
  From elastix 4.8 it defaults to true!
This may change the behavior of your registrations considerably.

Command line options from TransformBase:
-t0       unspecified, so no initial transform used

=============== start of ParameterFile: examples/affine_example/affine.txt ===============
(FixedImageDimension 3)
(MovingImageDimension 3)
(FixedInternalImagePixelType "float")
(MovingInternalImagePixelType "float")

(Registration "MultiResolutionRegistration")
(Transform "AffineTransform")
(AutomaticScalesEstimation "true")
(Metric "AdvancedMeanSquares")
(Optimizer "AdaptiveStochasticGradientDescent")

(FixedImagePyramid "FixedRecursiveImagePyramid")
(MovingImagePyramid "MovingRecursiveImagePyramid")
(NumberOfResolutions 3)

(ImageSampler "Full")
(AutomaticParameterEstimation "true")
(MaximumNumberOfIterations 512)

(Interpolator "BSplineInterpolator")
(BSplineInterpolationOrder 1)
(Resampler "DefaultResampler")
(ResampleInterpolator "FinalBSplineInterpolator")
(FinalBSplineInterpolationOrder 1)

(DefaultPixelValue 0)
(WriteResultImage "true")
(ResultImageFormat "tif")
(ResultImagePixelType "float")

=============== end of ParameterFile: examples/affine_example/affine.txt ===============


Reading images...
Reading images took 14 ms.

WARNING: the fixed pyramid schedule is not fully specified!
  A default pyramid schedule is used.
WARNING: the moving pyramid schedule is not fully specified!
  A default pyramid schedule is used.
WARNING: The parameter "AutomaticTransformInitialization", requested at entry number 0, does not exist at all.
  The default value "false" is used instead.
WARNING: The parameter "AutomaticTransformInitializationMethod", requested at entry number 0, does not exist at all.
  The default value "GeometricalCenter" is used instead.
Transform parameters are initialized as: [1, 0, 0, 0, 1, 0, 0, 0, 1, 0, 0, 0]
InitializeTransform took 0.00s
Scales are estimated automatically.
Scales for transform parameters are: [2697.9166666666665, 2131.25, 131.25, 2697.9166666666665, 2131.25, 131.25, 2697.9166666666665, 2131.25, 131.25, 1, 1, 1]
Initialization of all components (before registration) took: 2 ms.
Preparation of the image pyramids took: 21 ms.

Resolution: 0
WARNING: The parameter "NewSamplesEveryIteration", requested at entry number 0, does not exist at all.
  The default value "false" is used instead.
WARNING: The parameter "ShowExactMetricValue", requested at entry number 0, does not exist at all.
  The default value "false" is used instead.
WARNING: The parameter "CheckNumberOfSamples", requested at entry number 0, does not exist at all.
  The default value "true" is used instead.
WARNING: The parameter "UseMultiThreadingForMetrics", requested at entry number 0, does not exist at all.
  The default value "true" is used instead.
WARNING: The parameter "NewSamplesEveryIteration", requested at entry number 0, does not exist at all.
  The default value "false" is used instead.
Setting the fixed masks took: 0 ms.
Setting the moving masks took: 0 ms.
WARNING: The parameter "UseNormalization", requested at entry number 0, does not exist at all.
  The default value "false" is used instead.
WARNING: The parameter "SP_A", requested at entry number 0, does not exist at all.
  The default value "20" is used instead.
WARNING: The parameter "MaximumNumberOfSamplingAttempts", requested at entry number 0, does not exist at all.
  The default value "0" is used instead.
WARNING: The parameter "SigmoidInitialTime", requested at entry number 0, does not exist at all.
  The default value "0" is used instead.
WARNING: The parameter "MaxBandCovSize", requested at entry number 0, does not exist at all.
  The default value "192" is used instead.
WARNING: The parameter "NumberOfBandStructureSamples", requested at entry number 0, does not exist at all.
  The default value "10" is used instead.
WARNING: The parameter "UseAdaptiveStepSizes", requested at entry number 0, does not exist at all.
  The default value "true" is used instead.
WARNING: The parameter "UseConstantStep", requested at entry number 0, does not exist at all.
  The default value "false" is used instead.
WARNING: The parameter "MaximumStepLengthRatio", requested at entry number 0, does not exist at all.
  The default value "1" is used instead.
WARNING: The parameter "MaximumStepLength", requested at entry number 0, does not exist at all.
  The default value "1" is used instead.
WARNING: The parameter "NumberOfGradientMeasurements", requested at entry number 0, does not exist at all.
  The default value "0" is used instead.
WARNING: The parameter "NumberOfJacobianMeasurements", requested at entry number 0, does not exist at all.
  The default value "1000" is used instead.
WARNING: The parameter "NumberOfSamplesForExactGradient", requested at entry number 0, does not exist at all.
  The default value "100000" is used instead.
WARNING: The parameter "SigmoidScaleFactor", requested at entry number 0, does not exist at all.
  The default value "0.1" is used instead.
Elastix initialization of all components (for this resolution) took: 0 ms.
Initialization of AdvancedMeanSquares metric took: 0 ms.
Starting automatic parameter estimation for AdaptiveStochasticGradientDescent ...
WARNING: The parameter "ASGDParameterEstimationMethod", requested at entry number 0, does not exist at all.
  The default value "Original" is used instead.
  Computing JacobianTerms ...
  Computing the Jacobian terms took 0.000528s
  NumberOfGradientMeasurements to estimate sigma_i: 3
  Sampling gradients ...
  Sampling the gradients took 0.002219s
Automatic parameter estimation took 0.00s
1:ItNr	2:Metric	3a:Time	3b:StepSize	4:||Gradient||	Time[ms]
0	71.865422	0.000000	0.030655	11.783097	3.8
1	67.680745	0.000000	0.030655	15.510130	0.8
2	60.771871	0.000000	0.030655	13.560224	1.5
3	55.491209	0.000000	0.030655	11.846779	0.8
4	51.461108	0.000000	0.030655	10.348367	0.8
5	48.385918	0.000000	0.030655	9.040875	0.7
6	46.038226	0.000000	0.030655	7.903103	0.7
7	44.228176	0.000000	0.030655	7.466474	0.7
8	42.286840	0.000000	0.030655	9.339721	0.7
9	39.793524	0.000000	0.030655	7.949670	1.0
10	37.949639	0.000000	0.030655	7.229667	1.0
11	36.421422	0.000000	0.030655	6.559109	1.0
12	35.165223	0.000000	0.030655	5.933698	1.1
13	34.136659	0.000000	0.030655	5.374485	0.7
14	33.293005	0.000000	0.030655	4.867946	0.7
15	32.579879	0.000000	0.030655	4.944750	0.9
16	31.781965	0.000000	0.030655	5.413747	0.7
17	30.919985	0.000000	0.030655	4.877707	0.7
18	30.241195	0.000000	0.030655	4.247314	0.7
19	29.715019	0.000000	0.030655	3.863100	0.7
20	29.272969	0.000000	0.030655	3.606289	0.7
21	28.886211	0.000000	0.030655	3.401334	0.7
22	28.539876	0.000000	0.030655	3.250504	0.8
23	28.220863	0.000000	0.030655	3.154016	0.8
24	27.921209	0.000000	0.030655	3.038161	0.7
25	27.643748	0.000000	0.030655	2.918348	0.8
26	27.387946	0.000000	0.030655	2.800877	0.7
27	27.152121	0.000000	0.030655	2.691282	0.7
28	26.934344	0.000000	0.030655	2.585972	0.8
29	26.733398	0.000000	0.030655	2.481846	0.7
30	26.548244	0.000000	0.030655	2.384949	0.7
31	26.377517	0.000000	0.030655	2.276761	0.9
32	26.222444	0.000000	0.030655	2.174303	1.0
33	26.081564	0.000000	0.030655	2.032635	0.9
34	25.958099	0.000000	0.030655	1.950010	0.7
35	25.844176	0.000000	0.030655	1.849350	0.9
36	25.741922	0.000000	0.030655	1.779950	0.7
37	25.646033	0.000000	0.030655	1.733400	0.7
38	25.555385	0.000000	0.030655	1.671986	0.7
39	25.470820	0.000000	0.030655	1.633500	0.7
40	25.389938	0.000000	0.030655	1.598965	0.8
41	25.312215	0.000000	0.030655	1.571988	0.7
42	25.237533	0.000000	0.030655	1.528500	0.7
43	25.166598	0.000000	0.030655	1.502152	0.9
44	25.097963	0.000000	0.030655	1.479352	0.7
45	25.031367	0.000000	0.030655	1.458141	0.7
46	24.965766	0.000000	0.030655	1.457230	0.7
47	24.901222	0.000000	0.030655	1.434425	0.7
48	24.838210	0.000000	0.030655	1.446571	0.8
49	24.774453	0.000000	0.030655	1.440639	0.7
50	24.710315	0.000000	0.030655	1.446033	0.7
51	24.645773	0.000000	0.030655	1.462822	0.9
52	24.580476	0.000000	0.030655	1.458415	0.7
53	24.515424	0.000000	0.030655	1.452084	1.2
54	24.450652	0.000000	0.030655	1.449481	0.8
55	24.386433	0.000000	0.030655	1.444316	0.7
56	24.322796	0.000000	0.030655	1.435840	0.7
57	24.259684	0.000000	0.030655	1.427112	0.8
58	24.197400	0.000000	0.030655	1.416831	0.8
59	24.136124	0.000000	0.030655	1.405126	0.7
60	24.075798	0.000000	0.030655	1.396783	0.7
61	24.016190	0.000000	0.030655	1.387814	0.7
62	23.957438	0.000000	0.030655	1.373011	0.7
63	23.899915	0.000000	0.030655	1.363739	0.7
64	23.843098	0.000000	0.030655	1.353224	0.8
65	23.787195	0.000000	0.030655	1.341042	0.8
66	23.732506	0.000000	0.030655	1.321027	0.7
67	23.679220	0.000000	0.030655	1.309433	0.7
68	23.499336	0.000000	0.030655	1.298538	0.7
69	23.448025	0.000000	0.030655	1.280185	0.7
70	23.398221	0.000000	0.030655	1.260253	0.7
71	23.117135	0.000000	0.030655	1.245776	0.7
72	23.069859	0.000000	0.030655	1.230086	0.9
73	22.788228	0.000000	0.030655	1.212710	0.7
74	22.743457	0.000000	0.030655	1.195103	0.9
75	22.512029	0.000000	0.030655	1.180901	1.1
76	22.447310	0.000000	0.030655	1.166241	0.8
77	22.405910	0.000000	0.030655	1.150643	0.7
78	22.189188	0.000000	0.030655	1.136002	0.8
79	22.147280	0.000000	0.030655	1.121287	0.7
80	22.029107	0.000000	0.030655	1.107897	0.7
81	21.922516	0.000000	0.030655	1.094775	0.7
82	21.885243	0.000000	0.030655	1.080511	0.7
83	21.732495	0.000000	0.030655	1.067911	0.8
84	21.688143	0.000000	0.030655	1.057306	0.8
85	21.652496	0.000000	0.030655	1.049042	0.8
86	21.512814	0.000000	0.030655	1.041725	0.9
87	21.477072	0.000000	0.030655	1.037943	0.8
88	21.442817	0.000000	0.030655	1.031549	0.7
89	21.319946	0.000000	0.030655	1.024486	0.7
90	21.285585	0.000000	0.030655	1.020440	0.7
91	21.252352	0.000000	0.030655	1.017982	0.7
92	21.145500	0.000000	0.030655	1.015863	0.8
93	21.112482	0.000000	0.030655	1.014262	0.7
94	21.079694	0.000000	0.030655	1.012334	0.7
95	20.989636	0.000000	0.030655	1.020995	0.8
96	20.954091	0.000000	0.030655	1.023126	1.0
97	20.920893	0.000000	0.030655	1.025607	0.8
98	20.841923	0.000000	0.030655	1.026357	0.7
99	20.807353	0.000000	0.030655	1.024711	0.7
100	20.774179	0.000000	0.030655	1.022094	0.9
101	20.717780	0.000000	0.030655	1.021381	0.8
102	20.675422	0.000000	0.030655	1.016466	0.8
103	20.643036	0.000000	0.030655	1.007519	0.7
104	20.611055	0.000000	0.030655	1.004580	0.8
105	20.560574	0.000000	0.030655	0.999759	0.8
106	20.524395	0.000000	0.030655	0.995557	0.8
107	20.493202	0.000000	0.030655	0.986270	1.1
108	20.462558	0.000000	0.030655	0.976508	0.7
109	20.421132	0.000000	0.030655	0.975624	0.8
110	20.392477	0.000000	0.030655	0.966957	1.0
111	20.363038	0.000000	0.030655	0.959847	0.7
112	20.333865	0.000000	0.030655	0.950893	0.8
113	20.304457	0.000000	0.030655	0.943122	0.9
114	20.274589	0.000000	0.030655	0.937132	0.7
115	20.247271	0.000000	0.030655	0.928547	0.7
116	20.220450	0.000000	0.030655	0.919770	1.2
117	20.193599	0.000000	0.030655	0.913030	0.9
118	20.167364	0.000000	0.030655	0.903233	0.7
119	20.141655	0.000000	0.030655	0.894756	0.7
120	20.116894	0.000000	0.030655	0.886955	0.8
121	20.092097	0.000000	0.030655	0.880814	0.8
122	20.068001	0.000000	0.030655	0.870450	0.8
123	20.044149	0.000000	0.030655	0.862275	0.7
124	20.021148	0.000000	0.030655	0.857985	0.8
125	19.998417	0.000000	0.030655	0.849679	0.8
126	19.975912	0.000000	0.030655	0.842211	0.9
127	19.954040	0.000000	0.030655	0.834578	0.9
128	19.932511	0.000000	0.030655	0.827089	0.8
129	19.911273	0.000000	0.030655	0.820372	0.8
130	19.890588	0.000000	0.030655	0.812997	0.8
131	19.870266	0.000000	0.030655	0.806489	0.7
132	19.850827	0.000000	0.030655	0.799337	0.8
133	19.831256	0.000000	0.030655	0.792910	0.7
134	19.811941	0.000000	0.030655	0.789389	0.9
135	19.792984	0.000000	0.030655	0.782045	1.2
136	19.774732	0.000000	0.030655	0.775724	1.1
137	19.756507	0.000000	0.030655	0.769575	1.1
138	19.739508	0.000000	0.030655	0.763936	1.1
139	19.722553	0.000000	0.030655	0.758260	0.9
140	19.705126	0.000000	0.030655	0.752219	0.8
141	19.687962	0.000000	0.030655	0.746520	0.9
142	19.671222	0.000000	0.030655	0.742203	0.9
143	19.654487	0.000000	0.030655	0.737051	1.0
144	19.638728	0.000000	0.030655	0.732118	1.7
145	19.623450	0.000000	0.030655	0.726959	0.9
146	19.608126	0.000000	0.030655	0.722393	0.9
147	19.592541	0.000000	0.030655	0.718274	0.8
148	19.577087	0.000000	0.030655	0.714108	0.7
149	19.562396	0.000000	0.030655	0.709928	0.7
150	19.547210	0.000000	0.030655	0.706739	0.7
151	19.532934	0.000000	0.030655	0.702099	0.7
152	19.518379	0.000000	0.030655	0.700433	1.0
153	19.504156	0.000000	0.030655	0.696743	1.1
154	19.490284	0.000000	0.030655	0.692828	0.7
155	19.476059	0.000000	0.030655	0.688670	0.7
156	19.462171	0.000000	0.030655	0.685991	0.7
157	19.448559	0.000000	0.030655	0.682262	0.7
158	19.434657	0.000000	0.030655	0.679071	0.7
159	19.421242	0.000000	0.030655	0.676085	0.7
160	19.407711	0.000000	0.030655	0.672507	0.7
161	19.394608	0.000000	0.030655	0.669182	0.8
162	19.381544	0.000000	0.030655	0.665582	0.7
163	19.369228	0.000000	0.030655	0.661671	0.7
164	19.356898	0.000000	0.030655	0.659105	0.7
165	19.344572	0.000000	0.030655	0.656522	0.7
166	19.331357	0.000000	0.030655	0.653488	0.8
167	19.318614	0.000000	0.030655	0.653500	0.8
168	19.306065	0.000000	0.030655	0.649436	0.8
169	19.293326	0.000000	0.030655	0.646228	0.7
170	19.282001	0.000000	0.030655	0.642750	0.7
171	19.273294	0.000000	0.030655	0.642917	0.7
172	19.325566	0.000000	0.030655	0.642189	0.7
173	19.417870	0.000000	0.030655	0.641678	0.7
174	19.488989	0.000000	0.030655	0.640625	0.7
175	19.508309	0.000000	0.030655	0.637752	1.1
176	19.509509	0.000000	0.030655	0.635353	0.8
177	19.505220	0.000000	0.030655	0.631486	0.7
178	19.496381	0.000000	0.030655	0.628514	0.7
179	19.351151	0.000000	0.030655	0.630291	0.7
180	19.338577	0.000000	0.030655	0.630393	0.7
181	19.329093	0.000000	0.030655	0.627557	0.7
182	19.318074	0.000000	0.030655	0.624605	0.7
183	19.179044	0.000000	0.030655	0.628772	0.8
184	19.057002	0.000000	0.030655	0.620248	0.7
185	19.046670	0.000000	0.030655	0.619055	0.7
186	19.036230	0.000000	0.030655	0.616052	0.7
187	19.025333	0.000000	0.030655	0.612962	0.7
188	18.897499	0.000000	0.030655	0.616713	0.7
189	18.768156	0.000000	0.030655	0.604806	0.7
190	18.759253	0.000000	0.030655	0.603069	0.7
191	18.749920	0.000000	0.030655	0.601265	0.8
192	18.740926	0.000000	0.030655	0.599649	0.8
193	18.621010	0.000000	0.030655	0.602241	0.7
194	18.526096	0.000000	0.030655	0.595920	0.7
195	18.499992	0.000000	0.030655	0.594156	0.7
196	18.491836	0.000000	0.030655	0.591164	0.7
197	18.481538	0.000000	0.030655	0.589612	0.7
198	18.472276	0.000000	0.030655	0.587362	1.0
199	18.290987	0.000000	0.030655	0.585842	1.0
200	18.269555	0.000000	0.030655	0.583021	0.7
201	18.258724	0.000000	0.030655	0.581555	0.7
202	18.249431	0.000000	0.030655	0.579225	0.7
203	18.240479	0.000000	0.030655	0.576886	0.7
204	18.231474	0.000000	0.030655	0.574725	0.7
205	18.071092	0.000000	0.030655	0.569051	0.8
206	18.039706	0.000000	0.030655	0.553300	0.8
207	18.033131	0.000000	0.030655	0.547639	0.8
208	18.032632	0.000000	0.030655	0.546415	0.7
209	18.029647	0.000000	0.030655	0.544831	0.7
210	18.028861	0.000000	0.030655	0.542453	0.8
211	17.904957	0.000000	0.030655	0.540998	0.7
212	17.893591	0.000000	0.030655	0.538675	0.9
213	17.889835	0.000000	0.030655	0.537014	0.7
214	17.885700	0.000000	0.030655	0.535689	0.7
215	17.882738	0.000000	0.030655	0.533185	0.7
216	17.879025	0.000000	0.030655	0.531447	0.7
217	17.771523	0.000000	0.030655	0.531407	0.7
218	17.762027	0.000000	0.030655	0.530336	0.7
219	17.757564	0.000000	0.030655	0.529005	0.8
220	17.752480	0.000000	0.030655	0.527744	1.4
221	17.747523	0.000000	0.030655	0.525809	1.1
222	17.743214	0.000000	0.030655	0.523984	0.8
223	17.681329	0.000000	0.030655	0.524149	0.7
224	17.644542	0.000000	0.030655	0.520648	0.6
225	17.634070	0.000000	0.030655	0.519070	0.7
226	17.627015	0.000000	0.030655	0.517495	0.7
227	17.622645	0.000000	0.030655	0.516044	0.7
228	17.615561	0.000000	0.030655	0.514399	0.7
229	17.609747	0.000000	0.030655	0.512314	0.7
230	17.557747	0.000000	0.030655	0.510375	0.7
231	17.524560	0.000000	0.030655	0.508381	0.7
232	17.514114	0.000000	0.030655	0.507663	0.8
233	17.508661	0.000000	0.030655	0.506232	0.8
234	17.504273	0.000000	0.030655	0.504381	0.8
235	17.497212	0.000000	0.030655	0.503706	0.7
236	17.490272	0.000000	0.030655	0.502086	0.7
237	17.485411	0.000000	0.030655	0.500288	0.7
238	17.443796	0.000000	0.030655	0.499082	0.7
239	17.412634	0.000000	0.030655	0.498435	0.9
240	17.405172	0.000000	0.030655	0.496897	0.9
241	17.398993	0.000000	0.030655	0.494738	1.0
242	17.393685	0.000000	0.030655	0.492837	0.7
243	17.388127	0.000000	0.030655	0.491939	0.7
244	17.381630	0.000000	0.030655	0.490760	0.7
245	17.374814	0.000000	0.030655	0.489317	0.6
246	17.340641	0.000000	0.030655	0.486474	0.7
247	17.315838	0.000000	0.030655	0.486877	0.7
248	17.310260	0.000000	0.030655	0.485043	0.7
249	17.304214	0.000000	0.030655	0.485232	0.7
250	17.296793	0.000000	0.030655	0.484783	0.7
251	17.290634	0.000000	0.030655	0.484397	0.7
252	17.284837	0.000000	0.030655	0.482883	0.7
253	17.279689	0.000000	0.030655	0.480678	0.7
254	17.274581	0.000000	0.030655	0.478825	0.9
255	17.233648	0.000000	0.030655	0.476835	0.7
256	17.226648	0.000000	0.030655	0.475587	0.7
257	17.220168	0.000000	0.030655	0.474513	0.7
258	17.214709	0.000000	0.030655	0.473257	0.7
259	17.208638	0.000000	0.030655	0.472671	0.8
260	17.203569	0.000000	0.030655	0.471384	0.7
261	17.198016	0.000000	0.030655	0.469402	0.8
262	17.191911	0.000000	0.030655	0.468174	0.9
263	17.186304	0.000000	0.030655	0.466439	1.1
264	17.166813	0.000000	0.030655	0.463434	0.8
265	17.151043	0.000000	0.030655	0.463827	0.7
266	17.146285	0.000000	0.030655	0.462300	0.7
267	17.139620	0.000000	0.030655	0.461810	0.8
268	17.133907	0.000000	0.030655	0.461330	0.7
269	17.127796	0.000000	0.030655	0.459181	0.7
270	17.121967	0.000000	0.030655	0.457621	0.7
271	17.115111	0.000000	0.030655	0.455904	0.7
272	17.109180	0.000000	0.030655	0.454869	0.8
273	17.103825	0.000000	0.030655	0.453287	0.8
274	17.098922	0.000000	0.030655	0.451322	0.9
275	17.076046	0.000000	0.030655	0.451117	0.8
276	17.071229	0.000000	0.030655	0.449933	0.7
277	17.066269	0.000000	0.030655	0.449007	0.8
278	17.060542	0.000000	0.030655	0.446953	0.8
279	17.055036	0.000000	0.030655	0.445831	0.7
280	17.050557	0.000000	0.030655	0.445396	0.7
281	17.044728	0.000000	0.030655	0.444743	0.7
282	17.039503	0.000000	0.030655	0.444026	0.7
283	17.034952	0.000000	0.030655	0.442526	0.7
284	17.029910	0.000000	0.030655	0.439713	0.7
285	17.025551	0.000000	0.030655	0.438415	0.7
286	17.021623	0.000000	0.030655	0.437594	0.7
287	17.009035	0.000000	0.030655	0.438027	0.7
288	17.005029	0.000000	0.030655	0.436690	0.7
289	16.999989	0.000000	0.030655	0.435265	0.9
290	16.994014	0.000000	0.030655	0.434267	0.9
291	16.989152	0.000000	0.030655	0.434777	0.9
292	16.983627	0.000000	0.030655	0.434640	0.9
293	16.978249	0.000000	0.030655	0.434339	1.0
294	16.972249	0.000000	0.030655	0.434175	0.9
295	16.967101	0.000000	0.030655	0.432539	0.9
296	16.962640	0.000000	0.030655	0.431653	0.9
297	16.813884	0.000000	0.030655	0.435768	1.2
298	16.808949	0.000000	0.030655	0.434141	0.9
299	16.802626	0.000000	0.030655	0.432289	0.6
300	16.797531	0.000000	0.030655	0.430891	0.7
301	16.791203	0.000000	0.030655	0.431169	0.7
302	16.786586	0.000000	0.030655	0.430310	0.6
303	16.780836	0.000000	0.030655	0.429952	0.7
304	16.775735	0.000000	0.030655	0.429155	1.1
305	16.770585	0.000000	0.030655	0.428164	0.8
306	16.521032	0.000000	0.030655	0.428833	0.7
307	16.515877	0.000000	0.030655	0.427870	0.7
308	16.511498	0.000000	0.030655	0.427213	0.8
309	16.506496	0.000000	0.030655	0.425986	0.7
310	16.501534	0.000000	0.030655	0.424687	0.7
311	16.496595	0.000000	0.030655	0.423990	0.7
312	16.491293	0.000000	0.030655	0.423537	0.7
313	16.485259	0.000000	0.030655	0.422409	0.9
314	16.479799	0.000000	0.030655	0.421051	0.8
315	16.239634	0.000000	0.030655	0.418409	1.0
316	16.232759	0.000000	0.030655	0.417440	0.8
317	16.227492	0.000000	0.030655	0.416563	0.8
318	16.221838	0.000000	0.030655	0.415509	0.7
319	16.216536	0.000000	0.030655	0.414920	0.7
320	16.210647	0.000000	0.030655	0.413726	0.8
321	16.204442	0.000000	0.030655	0.412873	0.8
322	16.199973	0.000000	0.030655	0.411578	0.8
323	16.194161	0.000000	0.030655	0.411318	0.7
324	15.992312	0.000000	0.030655	0.410991	0.7
325	15.976557	0.000000	0.030655	0.408339	1.2
326	15.972066	0.000000	0.030655	0.407269	0.8
327	15.967603	0.000000	0.030655	0.406893	0.8
328	15.963158	0.000000	0.030655	0.405874	0.7
329	15.954925	0.000000	0.030655	0.403535	0.7
330	15.950633	0.000000	0.030655	0.402281	0.7
331	15.946906	0.000000	0.030655	0.401189	0.7
332	15.938023	0.000000	0.030655	0.400857	0.7
333	15.932908	0.000000	0.030655	0.400022	0.7
334	15.823773	0.000000	0.030655	0.408648	0.8
335	15.736178	0.000000	0.030655	0.401605	0.9
336	15.733792	0.000000	0.030655	0.400369	0.8
337	15.730176	0.000000	0.030655	0.399190	0.8
338	15.721041	0.000000	0.030655	0.397855	0.7
339	15.717360	0.000000	0.030655	0.397488	0.8
340	15.708336	0.000000	0.030655	0.396253	0.7
341	15.705246	0.000000	0.030655	0.396568	0.7
342	15.695114	0.000000	0.030655	0.395307	1.0
343	15.690330	0.000000	0.030655	0.394239	0.7
344	15.685570	0.000000	0.030655	0.393512	0.9
345	15.521469	0.000000	0.030655	0.392930	1.1
346	15.515497	0.000000	0.030655	0.391964	0.7
347	15.510790	0.000000	0.030655	0.391423	0.7
348	15.498194	0.000000	0.030655	0.392567	0.8
349	15.492949	0.000000	0.030655	0.391115	0.7
350	15.488267	0.000000	0.030655	0.389941	0.8
351	15.483600	0.000000	0.030655	0.390323	0.7
352	15.479403	0.000000	0.030655	0.389547	0.7
353	15.476673	0.000000	0.030655	0.388652	0.6
354	15.472050	0.000000	0.030655	0.387404	0.7
355	15.467456	0.000000	0.030655	0.386242	0.7
356	15.462893	0.000000	0.030655	0.384897	0.7
357	15.328105	0.000000	0.030655	0.385075	0.9
358	15.323560	0.000000	0.030655	0.385058	0.7
359	15.319021	0.000000	0.030655	0.384193	0.8
360	15.314501	0.000000	0.030655	0.383865	0.6
361	15.309988	0.000000	0.030655	0.383279	0.7
362	15.305491	0.000000	0.030655	0.382284	0.7
363	15.301018	0.000000	0.030655	0.381257	0.7
364	15.297093	0.000000	0.030655	0.378803	0.7
365	15.292698	0.000000	0.030655	0.378529	0.7
366	15.288314	0.000000	0.030655	0.376954	0.7
367	15.283962	0.000000	0.030655	0.376103	0.7
368	15.270442	0.000000	0.030655	0.374169	0.8
369	15.155689	0.000000	0.030655	0.374267	1.0
370	15.150898	0.000000	0.030655	0.373154	0.7
371	15.147593	0.000000	0.030655	0.372672	0.7
372	15.144546	0.000000	0.030655	0.371661	0.7
373	15.141203	0.000000	0.030655	0.371654	0.7
374	15.127472	0.000000	0.030655	0.370151	0.7
375	15.122784	0.000000	0.030655	0.368046	0.7
376	15.118636	0.000000	0.030655	0.367161	0.7
377	15.115173	0.000000	0.030655	0.366262	0.8
378	15.113315	0.000000	0.030655	0.365906	0.8
379	15.110410	0.000000	0.030655	0.365323	0.7
380	15.107523	0.000000	0.030655	0.364364	0.7
381	15.094301	0.000000	0.030655	0.363701	0.7
382	15.089609	0.000000	0.030655	0.362885	0.7
383	14.995369	0.000000	0.030655	0.362893	0.8
384	14.991946	0.000000	0.030655	0.362246	1.0
385	14.988534	0.000000	0.030655	0.361074	0.9
386	14.985760	0.000000	0.030655	0.359800	0.9
387	14.982415	0.000000	0.030655	0.358618	0.7
388	14.968834	0.000000	0.030655	0.357428	0.7
389	14.965546	0.000000	0.030655	0.356371	0.7
390	14.962268	0.000000	0.030655	0.355327	1.1
391	14.959602	0.000000	0.030655	0.354405	0.7
392	14.956255	0.000000	0.030655	0.353624	0.7
393	14.952416	0.000000	0.030655	0.354152	0.7
394	14.949640	0.000000	0.030655	0.353602	0.7
395	14.936072	0.000000	0.030655	0.352489	0.7
396	14.931122	0.000000	0.030655	0.351750	0.7
397	14.851232	0.000000	0.030655	0.351747	0.7
398	14.847858	0.000000	0.030655	0.350298	0.7
399	14.844966	0.000000	0.030655	0.348452	0.7
400	14.841248	0.000000	0.030655	0.347694	0.9
401	14.838187	0.000000	0.030655	0.346550	0.7
402	14.834510	0.000000	0.030655	0.345429	0.7
403	14.821711	0.000000	0.030655	0.343538	0.8
404	14.818989	0.000000	0.030655	0.342606	0.7
405	14.816157	0.000000	0.030655	0.341170	0.7
406	14.813227	0.000000	0.030655	0.340313	0.7
407	14.809682	0.000000	0.030655	0.339464	0.6
408	14.806152	0.000000	0.030655	0.339181	0.6
409	14.803256	0.000000	0.030655	0.339189	0.6
410	14.799480	0.000000	0.030655	0.338333	0.7
411	14.795351	0.000000	0.030655	0.337351	0.8
412	14.781050	0.000000	0.030655	0.336187	1.3
413	14.750920	0.000000	0.030655	0.336495	0.7
414	14.713966	0.000000	0.030655	0.335618	0.7
415	14.710720	0.000000	0.030655	0.334990	0.7
416	14.707712	0.000000	0.030655	0.335465	0.6
417	14.704490	0.000000	0.030655	0.335138	0.7
418	14.701129	0.000000	0.030655	0.334270	0.6
419	14.697246	0.000000	0.030655	0.333660	0.7
420	14.694166	0.000000	0.030655	0.333019	0.7
421	14.691005	0.000000	0.030655	0.332409	0.7
422	14.688777	0.000000	0.030655	0.331651	0.7
423	14.685654	0.000000	0.030655	0.331022	0.8
424	14.683168	0.000000	0.030655	0.330930	0.7
425	14.669162	0.000000	0.030655	0.330161	0.7
426	14.677652	0.000000	0.030655	0.329409	0.9
427	14.663316	0.000000	0.030655	0.327868	0.7
428	14.659801	0.000000	0.030655	0.327362	0.7
429	14.657179	0.000000	0.030655	0.326333	0.7
430	14.663894	0.000000	0.030655	0.326768	0.7
431	14.604989	0.000000	0.030655	0.325926	0.8
432	14.451245	0.000000	0.030655	0.332460	0.8
433	14.459390	0.000000	0.030655	0.329629	0.9
434	14.456064	0.000000	0.030655	0.328830	1.0
435	14.453366	0.000000	0.030655	0.327565	1.1
436	14.450079	0.000000	0.030655	0.327024	1.0
437	14.448037	0.000000	0.030655	0.326887	0.8
438	14.445073	0.000000	0.030655	0.326584	0.7
439	14.441987	0.000000	0.030655	0.325542	1.0
440	14.439590	0.000000	0.030655	0.324487	0.9
441	14.436607	0.000000	0.030655	0.323960	0.8
442	14.434209	0.000000	0.030655	0.322963	1.1
443	14.431167	0.000000	0.030655	0.321515	1.0
444	14.428106	0.000000	0.030655	0.321094	1.3
445	14.179293	0.000000	0.030655	0.321678	1.2
446	14.175653	0.000000	0.030655	0.320845	0.8
447	14.172415	0.000000	0.030655	0.320129	0.8
448	14.169898	0.000000	0.030655	0.319667	0.9
449	14.165354	0.000000	0.030655	0.319163	0.7
450	14.145678	0.000000	0.030655	0.319391	0.8
451	14.124560	0.000000	0.030655	0.317573	0.9
452	14.122334	0.000000	0.030655	0.316361	2.1
453	14.119537	0.000000	0.030655	0.315798	0.8
454	14.116094	0.000000	0.030655	0.315259	1.1
455	14.113932	0.000000	0.030655	0.314613	1.0
456	14.111183	0.000000	0.030655	0.313816	1.1
457	14.108168	0.000000	0.030655	0.313011	1.0
458	14.099046	0.000000	0.030655	0.311316	0.8
459	13.870891	0.000000	0.030655	0.312285	1.6
460	13.868859	0.000000	0.030655	0.312339	2.3
461	13.865947	0.000000	0.030655	0.311919	1.8
462	13.852137	0.000000	0.030655	0.311287	1.4
463	13.860640	0.000000	0.030655	0.310497	0.9
464	13.847584	0.000000	0.030655	0.309517	1.0
465	13.856525	0.000000	0.030655	0.309843	1.2
466	13.829535	0.000000	0.030655	0.308258	0.8
467	13.837711	0.000000	0.030655	0.306886	0.8
468	13.834751	0.000000	0.030655	0.306968	0.7
469	13.831476	0.000000	0.030655	0.306284	0.9
470	13.829063	0.000000	0.030655	0.304870	0.9
471	13.814744	0.000000	0.030655	0.305217	0.9
472	13.809779	0.000000	0.030655	0.306375	0.8
473	13.789443	0.000000	0.030655	0.303830	1.0
474	13.709320	0.000000	0.030655	0.308208	0.8
475	13.585387	0.000000	0.030655	0.303213	0.7
476	13.582836	0.000000	0.030655	0.302681	0.7
477	13.580030	0.000000	0.030655	0.301977	0.7
478	13.577507	0.000000	0.030655	0.301268	0.7
479	13.574730	0.000000	0.030655	0.300023	0.8
480	13.572229	0.000000	0.030655	0.299007	0.7
481	13.570222	0.000000	0.030655	0.298561	0.7
482	13.554515	0.000000	0.030655	0.297923	0.8
483	13.552075	0.000000	0.030655	0.297808	0.7
484	13.563256	0.000000	0.030655	0.297959	0.8
485	13.547285	0.000000	0.030655	0.296998	1.0
486	13.544313	0.000000	0.030655	0.296576	1.1
487	13.538980	0.000000	0.030655	0.296173	0.7
488	13.536582	0.000000	0.030655	0.295769	0.6
489	13.533085	0.000000	0.030655	0.296021	0.8
490	13.526248	0.000000	0.030655	0.295841	0.7
491	13.453096	0.000000	0.030655	0.298849	0.7
492	13.344218	0.000000	0.030655	0.295695	0.6
493	13.341539	0.000000	0.030655	0.294892	0.6
494	13.338969	0.000000	0.030655	0.294208	0.8
495	13.336869	0.000000	0.030655	0.293043	0.9
496	13.334705	0.000000	0.030655	0.292818	0.9
497	13.323162	0.000000	0.030655	0.292919	0.7
498	13.321040	0.000000	0.030655	0.292492	0.8
499	13.318697	0.000000	0.030655	0.292087	0.8
500	13.318038	0.000000	0.030655	0.291122	0.8
501	13.315708	0.000000	0.030655	0.290535	6.6
502	13.313724	0.000000	0.030655	0.290054	0.8
503	13.311143	0.000000	0.030655	0.290445	0.9
504	13.308059	0.000000	0.030655	0.290006	1.0
505	13.304339	0.000000	0.030655	0.290957	0.9
506	13.301349	0.000000	0.030655	0.290657	1.0
507	13.298760	0.000000	0.030655	0.290279	1.1
508	13.291619	0.000000	0.030655	0.291016	0.9
509	13.220669	0.000000	0.030655	0.294171	0.9
510	13.126460	0.000000	0.030655	0.291130	0.9
511	13.122975	0.000000	0.030655	0.290449	0.9
Time spent in resolution 0 (ITK initialization and iterating): 0.424
Stopping condition: Maximum number of iterations has been reached.
Settings of AdaptiveStochasticGradientDescent in resolution 0:
( SP_a 0.643761 )
( SP_A 20.000000 )
( SP_alpha 1.000000 )
( SigmoidMax 1.000000 )
( SigmoidMin -0.010000 )
( SigmoidScale 0.000000 )


Resolution: 1
WARNING: The parameter "NewSamplesEveryIteration", requested at entry number 1, does not exist at all.
  The default value "false" is used instead.
WARNING: The parameter "ShowExactMetricValue", requested at entry number 1, does not exist at all.
  The default value "false" is used instead.
WARNING: The parameter "CheckNumberOfSamples", requested at entry number 1, does not exist at all.
  The default value "true" is used instead.
WARNING: The parameter "UseMultiThreadingForMetrics", requested at entry number 1, does not exist at all.
  The default value "true" is used instead.
WARNING: The parameter "NewSamplesEveryIteration", requested at entry number 1, does not exist at all.
  The default value "false" is used instead.
Setting the fixed masks took: 0 ms.
Setting the moving masks took: 0 ms.
WARNING: The parameter "UseNormalization", requested at entry number 1, does not exist at all.
  The default value "false" is used instead.
WARNING: The parameter "SP_A", requested at entry number 1, does not exist at all.
  The default value "20" is used instead.
WARNING: The parameter "MaximumNumberOfSamplingAttempts", requested at entry number 1, does not exist at all.
  The default value "0" is used instead.
WARNING: The parameter "SigmoidInitialTime", requested at entry number 1, does not exist at all.
  The default value "0" is used instead.
WARNING: The parameter "MaxBandCovSize", requested at entry number 1, does not exist at all.
  The default value "192" is used instead.
WARNING: The parameter "NumberOfBandStructureSamples", requested at entry number 1, does not exist at all.
  The default value "10" is used instead.
WARNING: The parameter "UseAdaptiveStepSizes", requested at entry number 1, does not exist at all.
  The default value "true" is used instead.
WARNING: The parameter "UseConstantStep", requested at entry number 1, does not exist at all.
  The default value "false" is used instead.
WARNING: The parameter "MaximumStepLengthRatio", requested at entry number 1, does not exist at all.
  The default value "1" is used instead.
WARNING: The parameter "MaximumStepLength", requested at entry number 1, does not exist at all.
  The default value "1" is used instead.
WARNING: The parameter "NumberOfGradientMeasurements", requested at entry number 1, does not exist at all.
  The default value "0" is used instead.
WARNING: The parameter "NumberOfJacobianMeasurements", requested at entry number 1, does not exist at all.
  The default value "1000" is used instead.
WARNING: The parameter "NumberOfSamplesForExactGradient", requested at entry number 1, does not exist at all.
  The default value "100000" is used instead.
WARNING: The parameter "SigmoidScaleFactor", requested at entry number 1, does not exist at all.
  The default value "0.1" is used instead.
Elastix initialization of all components (for this resolution) took: 0 ms.
Initialization of AdvancedMeanSquares metric took: 0 ms.
Starting automatic parameter estimation for AdaptiveStochasticGradientDescent ...
WARNING: The parameter "ASGDParameterEstimationMethod", requested at entry number 0, does not exist at all.
  The default value "Original" is used instead.
  Computing JacobianTerms ...
  Computing the Jacobian terms took 0.000849s
  NumberOfGradientMeasurements to estimate sigma_i: 3
  Sampling gradients ...
  Sampling the gradients took 0.023367s
Automatic parameter estimation took 0.02s
1:ItNr	2:Metric	3a:Time	3b:StepSize	4:||Gradient||	Time[ms]
0	13.784390	0.000000	0.080559	5.362189	30.7
1	13.509019	0.000000	0.080559	4.619219	5.9
2	12.114800	0.000000	0.080559	4.430112	6.9
3	10.251836	0.000000	0.080559	6.294540	5.9
4	7.345050	0.000000	0.080559	4.925453	6.4
5	5.682241	0.000000	0.080559	3.371338	5.7
6	4.945754	0.000000	0.080559	2.076616	5.8
7	4.652080	0.000000	0.080559	1.510546	6.5
8	4.486817	0.000000	0.080559	1.249326	5.0
9	4.359617	0.000000	0.080559	1.125250	5.4
10	4.258091	0.000000	0.080559	1.062178	6.2
11	4.165730	0.000000	0.080559	1.009344	4.9
12	4.084157	0.000000	0.080559	0.981424	5.4
13	4.006540	0.000000	0.080559	0.945985	5.8
14	3.934280	0.000000	0.080559	0.922774	4.7
15	3.863929	0.000000	0.080559	0.895461	6.2
16	3.797672	0.000000	0.080559	0.873609	6.3
17	3.734396	0.000000	0.080559	0.856413	5.9
18	3.675171	0.000000	0.080559	0.831588	6.5
19	3.616956	0.000000	0.080559	0.817131	7.4
20	3.559856	0.000000	0.080559	0.797760	5.6
21	3.507358	0.000000	0.080559	0.779447	5.4
22	3.456886	0.000000	0.080559	0.768943	5.1
23	3.407672	0.000000	0.080559	0.760127	5.6
24	3.359528	0.000000	0.080559	0.746146	5.3
25	3.312659	0.000000	0.080559	0.731922	5.4
26	3.268005	0.000000	0.080559	0.724152	5.7
27	3.223553	0.000000	0.080559	0.707357	5.4
28	3.181562	0.000000	0.080559	0.696997	6.2
29	3.141200	0.000000	0.080559	0.682803	5.5
30	3.103122	0.000000	0.080559	0.669742	5.4
31	3.065004	0.000000	0.080559	0.658450	5.0
32	3.028993	0.000000	0.080559	0.644332	5.5
33	2.994398	0.000000	0.080559	0.633149	5.1
34	2.960763	0.000000	0.080559	0.624490	5.5
35	2.928208	0.000000	0.080559	0.620113	5.3
36	2.895731	0.000000	0.080559	0.611190	5.0
37	2.864320	0.000000	0.080559	0.603908	5.7
38	2.833637	0.000000	0.080559	0.592707	5.5
39	2.804078	0.000000	0.080559	0.586079	5.3
40	2.775123	0.000000	0.080559	0.574311	6.7
41	2.747381	0.000000	0.080559	0.565758	5.8
42	2.720213	0.000000	0.080559	0.564778	7.6
43	2.693738	0.000000	0.080559	0.556427	5.9
44	2.667428	0.000000	0.080559	0.552295	5.9
45	2.641827	0.000000	0.080559	0.543790	5.7
46	2.616937	0.000000	0.080559	0.537184	5.1
47	2.592817	0.000000	0.080559	0.528495	5.2
48	2.569514	0.000000	0.080559	0.526200	6.0
49	2.546225	0.000000	0.080559	0.524283	4.9
50	2.523077	0.000000	0.080559	0.516861	5.3
51	2.500628	0.000000	0.080559	0.511848	5.9
52	2.478592	0.000000	0.080559	0.504786	4.9
53	2.457100	0.000000	0.080559	0.497035	5.7
54	2.436052	0.000000	0.080559	0.497671	6.2
55	2.414237	0.000000	0.080559	0.493499	4.9
56	2.393399	0.000000	0.080559	0.491879	5.3
57	2.372985	0.000000	0.080559	0.486729	5.9
58	2.352754	0.000000	0.080559	0.484366	4.8
59	2.333041	0.000000	0.080559	0.483551	5.4
60	2.313514	0.000000	0.080559	0.475674	5.6
61	2.294581	0.000000	0.080559	0.468376	4.8
62	2.276087	0.000000	0.080559	0.462802	5.6
63	2.258185	0.000000	0.080559	0.462391	5.3
64	2.240255	0.000000	0.080559	0.455979	7.3
65	2.222921	0.000000	0.080559	0.449131	6.5
66	2.206048	0.000000	0.080559	0.444397	8.5
67	2.189522	0.000000	0.080559	0.442699	10.2
68	2.173255	0.000000	0.080559	0.436543	7.0
69	2.157072	0.000000	0.080559	0.427979	6.1
70	2.141839	0.000000	0.080559	0.421727	5.3
71	2.121963	0.000000	0.080559	0.415365	5.9
72	2.107668	0.000000	0.080559	0.408302	5.7
73	2.093677	0.000000	0.080559	0.401543	5.4
74	2.080351	0.000000	0.080559	0.397426	5.3
75	2.067153	0.000000	0.080559	0.390827	5.6
76	2.054257	0.000000	0.080559	0.387898	4.8
77	2.041797	0.000000	0.080559	0.383621	5.8
78	2.029483	0.000000	0.080559	0.378823	5.6
79	2.017495	0.000000	0.080559	0.375027	4.9
80	2.005705	0.000000	0.080559	0.372554	5.8
81	1.994137	0.000000	0.080559	0.371091	5.7
82	1.982661	0.000000	0.080559	0.366762	5.2
83	1.971328	0.000000	0.080559	0.361920	5.6
84	1.960361	0.000000	0.080559	0.363254	6.0
85	1.949373	0.000000	0.080559	0.360484	5.6
86	1.938589	0.000000	0.080559	0.358447	5.1
87	1.927617	0.000000	0.080559	0.358630	5.5
88	1.916966	0.000000	0.080559	0.352847	5.5
89	1.905028	0.000000	0.080559	0.360028	4.6
90	1.894430	0.000000	0.080559	0.354532	6.5
91	1.881964	0.000000	0.080559	0.354216	7.0
92	1.871683	0.000000	0.080559	0.351658	5.4
93	1.861399	0.000000	0.080559	0.346951	6.0
94	1.851443	0.000000	0.080559	0.349669	5.6
95	1.841384	0.000000	0.080559	0.342194	5.2
96	1.831583	0.000000	0.080559	0.342802	5.6
97	1.821809	0.000000	0.080559	0.342053	5.8
98	1.812212	0.000000	0.080559	0.335236	5.0
99	1.803049	0.000000	0.080559	0.332950	5.5
100	1.793937	0.000000	0.080559	0.328248	5.6
101	1.785123	0.000000	0.080559	0.324881	4.9
102	1.776373	0.000000	0.080559	0.320925	5.7
103	1.767922	0.000000	0.080559	0.316140	5.8
104	1.759764	0.000000	0.080559	0.311181	4.6
105	1.751847	0.000000	0.080559	0.306734	5.7
106	1.744065	0.000000	0.080559	0.302673	5.8
107	1.736646	0.000000	0.080559	0.297396	4.9
108	1.729282	0.000000	0.080559	0.294237	5.9
109	1.721989	0.000000	0.080559	0.290390	5.5
110	1.715131	0.000000	0.080559	0.289296	4.7
111	1.708326	0.000000	0.080559	0.286326	5.7
112	1.701668	0.000000	0.080559	0.281349	6.9
113	1.695152	0.000000	0.080559	0.276794	6.8
114	1.688287	0.000000	0.080559	0.272071	6.4
115	1.682081	0.000000	0.080559	0.271108	6.8
116	1.673538	0.000000	0.080559	0.269312	7.3
117	1.667657	0.000000	0.080559	0.266226	7.5
118	1.661661	0.000000	0.080559	0.266592	5.5
119	1.655649	0.000000	0.080559	0.262055	5.3
120	1.649861	0.000000	0.080559	0.261569	5.7
121	1.644051	0.000000	0.080559	0.262125	5.8
122	1.638376	0.000000	0.080559	0.258238	5.4
123	1.629428	0.000000	0.080559	0.255465	7.9
124	1.624143	0.000000	0.080559	0.253793	9.9
125	1.619016	0.000000	0.080559	0.252583	7.1
126	1.613636	0.000000	0.080559	0.249607	5.1
127	1.608621	0.000000	0.080559	0.247497	5.0
128	1.603715	0.000000	0.080559	0.244518	6.0
129	1.598877	0.000000	0.080559	0.239769	5.5
130	1.594263	0.000000	0.080559	0.239737	6.0
131	1.589499	0.000000	0.080559	0.234987	5.6
132	1.585062	0.000000	0.080559	0.232485	5.5
133	1.580739	0.000000	0.080559	0.230726	5.6
134	1.576491	0.000000	0.080559	0.228108	5.2
135	1.572292	0.000000	0.080559	0.226809	6.8
136	1.568069	0.000000	0.080559	0.224070	7.8
137	1.564043	0.000000	0.080559	0.221978	36.4
138	1.560100	0.000000	0.080559	0.218518	13.4
139	1.555488	0.000000	0.080559	0.216161	6.2
140	1.551723	0.000000	0.080559	0.216750	8.9
141	1.548035	0.000000	0.080559	0.214398	6.2
142	1.544355	0.000000	0.080559	0.211692	6.2
143	1.540704	0.000000	0.080559	0.210163	6.3
144	1.537277	0.000000	0.080559	0.210134	6.1
145	1.533797	0.000000	0.080559	0.205297	5.9
146	1.530438	0.000000	0.080559	0.202436	5.7
147	1.527217	0.000000	0.080559	0.202945	5.9
148	1.523889	0.000000	0.080559	0.206338	5.1
149	1.520478	0.000000	0.080559	0.206634	6.3
150	1.517140	0.000000	0.080559	0.203872	6.2
151	1.513805	0.000000	0.080559	0.200684	5.9
152	1.510632	0.000000	0.080559	0.199947	5.2
153	1.507384	0.000000	0.080559	0.207405	5.7
154	1.503916	0.000000	0.080559	0.207532	5.5
155	1.500572	0.000000	0.080559	0.206014	5.4
156	1.497230	0.000000	0.080559	0.207266	6.3
157	1.493731	0.000000	0.080559	0.203337	5.4
158	1.490335	0.000000	0.080559	0.200520	4.9
159	1.487155	0.000000	0.080559	0.205933	5.4
160	1.483287	0.000000	0.080559	0.205975	5.6
161	1.479421	0.000000	0.080559	0.208411	5.2
162	1.475961	0.000000	0.080559	0.206874	5.9
163	1.472587	0.000000	0.080559	0.205754	5.5
164	1.468907	0.000000	0.080559	0.202212	4.8
165	1.465237	0.000000	0.080559	0.201300	5.8
166	1.462050	0.000000	0.080559	0.200042	5.5
167	1.458843	0.000000	0.080559	0.199546	5.4
168	1.451598	0.000000	0.080559	0.195228	5.5
169	1.448559	0.000000	0.080559	0.196095	5.5
170	1.445536	0.000000	0.080559	0.192162	4.8
171	1.442681	0.000000	0.080559	0.189022	6.0
172	1.437680	0.000000	0.080559	0.190849	5.1
173	1.434787	0.000000	0.080559	0.187394	5.5
174	1.431806	0.000000	0.080559	0.186349	5.8
175	1.429070	0.000000	0.080559	0.185290	5.7
176	1.426365	0.000000	0.080559	0.183450	4.9
177	1.421582	0.000000	0.080559	0.180829	5.8
178	1.416268	0.000000	0.080559	0.177840	5.3
179	1.413790	0.000000	0.080559	0.175668	5.6
180	1.411361	0.000000	0.080559	0.174662	5.7
181	1.408963	0.000000	0.080559	0.174699	5.1
182	1.406560	0.000000	0.080559	0.172551	5.3
183	1.403894	0.000000	0.080559	0.172688	5.1
184	1.401568	0.000000	0.080559	0.175270	5.8
185	1.398976	0.000000	0.080559	0.171819	4.9
186	1.396640	0.000000	0.080559	0.171938	6.7
187	1.394307	0.000000	0.080559	0.167989	8.2
188	1.392101	0.000000	0.080559	0.165052	8.0
189	1.389981	0.000000	0.080559	0.165845	7.7
190	1.387809	0.000000	0.080559	0.164993	6.7
191	1.385434	0.000000	0.080559	0.162236	9.8
192	1.383044	0.000000	0.080559	0.159145	6.2
193	1.381037	0.000000	0.080559	0.156220	6.2
194	1.379099	0.000000	0.080559	0.153448	5.7
195	1.377325	0.000000	0.080559	0.150599	5.0
196	1.374823	0.000000	0.080559	0.151178	5.1
197	1.373046	0.000000	0.080559	0.150717	5.5
198	1.371234	0.000000	0.080559	0.151212	5.8
199	1.369407	0.000000	0.080559	0.149175	5.3
200	1.367666	0.000000	0.080559	0.146301	5.3
201	1.366067	0.000000	0.080559	0.143983	5.7
202	1.364153	0.000000	0.080559	0.141939	6.0
203	1.362616	0.000000	0.080559	0.140466	5.7
204	1.361079	0.000000	0.080559	0.140123	5.1
205	1.359554	0.000000	0.080559	0.139622	5.4
206	1.358056	0.000000	0.080559	0.139926	5.8
207	1.356590	0.000000	0.080559	0.137332	5.4
208	1.355137	0.000000	0.080559	0.136576	7.0
209	1.353674	0.000000	0.080559	0.141849	6.2
210	1.352116	0.000000	0.080559	0.138439	5.7
211	1.350629	0.000000	0.080559	0.137600	7.1
212	1.349148	0.000000	0.080559	0.143995	7.1
213	1.347537	0.000000	0.080559	0.140748	6.8
214	1.346006	0.000000	0.080559	0.142024	7.1
215	1.344429	0.000000	0.080559	0.139487	8.5
216	1.342923	0.000000	0.080559	0.137943	10.5
217	1.341453	0.000000	0.080559	0.137393	11.3
218	1.339959	0.000000	0.080559	0.137541	7.5
219	1.338495	0.000000	0.080559	0.135136	6.8
220	1.336671	0.000000	0.080559	0.134585	6.4
221	1.335275	0.000000	0.080559	0.131080	6.5
222	1.333938	0.000000	0.080559	0.128768	6.4
223	1.332650	0.000000	0.080559	0.127130	6.5
224	1.331389	0.000000	0.080559	0.126397	6.7
225	1.330163	0.000000	0.080559	0.124479	6.1
226	1.328970	0.000000	0.080559	0.122601	5.1
227	1.327813	0.000000	0.080559	0.120805	4.7
228	1.326687	0.000000	0.080559	0.118346	6.0
229	1.325667	0.000000	0.080559	0.119571	5.2
230	1.324588	0.000000	0.080559	0.117057	5.0
231	1.323553	0.000000	0.080559	0.115386	5.9
232	1.322532	0.000000	0.080559	0.115423	4.8
233	1.321485	0.000000	0.080559	0.113842	5.4
234	1.320487	0.000000	0.080559	0.111486	5.7
235	1.319532	0.000000	0.080559	0.110861	5.1
236	1.318581	0.000000	0.080559	0.108531	4.9
237	1.317688	0.000000	0.080559	0.106270	5.6
238	1.316817	0.000000	0.080559	0.107834	4.9
239	1.315758	0.000000	0.080559	0.106782	5.4
240	1.314909	0.000000	0.080559	0.106626	5.4
241	1.314038	0.000000	0.080559	0.104614	4.7
242	1.313186	0.000000	0.080559	0.103421	5.5
243	1.312356	0.000000	0.080559	0.103406	5.3
244	1.311529	0.000000	0.080559	0.103806	5.2
245	1.310634	0.000000	0.080559	0.101533	5.3
246	1.309758	0.000000	0.080559	0.101120	5.1
247	1.308987	0.000000	0.080559	0.102865	5.5
248	1.307550	0.000000	0.080559	0.104008	5.0
249	1.306705	0.000000	0.080559	0.101318	4.9
250	1.305917	0.000000	0.080559	0.100031	5.6
251	1.305147	0.000000	0.080559	0.095571	5.3
252	1.304443	0.000000	0.080559	0.094683	5.4
253	1.303730	0.000000	0.080559	0.093626	5.5
254	1.303039	0.000000	0.080559	0.091540	4.7
255	1.302349	0.000000	0.080559	0.092865	5.1
256	1.301668	0.000000	0.080559	0.095038	5.4
257	1.301028	0.000000	0.080559	0.093461	5.0
258	1.300377	0.000000	0.080559	0.092550	5.2
259	1.299738	0.000000	0.080559	0.091864	5.4
260	1.299105	0.000000	0.080559	0.091914	4.8
261	1.298486	0.000000	0.080559	0.091066	5.2
262	1.297859	0.000000	0.080559	0.090122	4.9
263	1.297233	0.000000	0.080559	0.089225	5.8
264	1.296635	0.000000	0.080559	0.088217	5.1
265	1.295974	0.000000	0.080559	0.088248	5.2
266	1.295387	0.000000	0.080559	0.086625	5.6
267	1.294810	0.000000	0.080559	0.085272	5.0
268	1.294234	0.000000	0.080559	0.083594	5.3
269	1.293703	0.000000	0.080559	0.082294	5.5
270	1.293220	0.000000	0.080559	0.081570	4.9
271	1.292705	0.000000	0.080559	0.083785	5.2
272	1.292138	0.000000	0.080559	0.085803	5.4
273	1.291568	0.000000	0.080559	0.086712	5.0
274	1.291008	0.000000	0.080559	0.085482	5.2
275	1.290410	0.000000	0.080559	0.085732	5.6
276	1.289857	0.000000	0.080559	0.084807	4.7
277	1.289295	0.000000	0.080559	0.084896	5.5
278	1.288746	0.000000	0.080559	0.083739	5.0
279	1.288167	0.000000	0.080559	0.083818	5.3
280	1.287602	0.000000	0.080559	0.082577	5.3
281	1.287069	0.000000	0.080559	0.080974	4.8
282	1.286571	0.000000	0.080559	0.080809	5.5
283	1.286088	0.000000	0.080559	0.079689	5.1
284	1.285593	0.000000	0.080559	0.081970	5.1
285	1.285040	0.000000	0.080559	0.080684	5.5
286	1.284518	0.000000	0.080559	0.079287	5.0
287	1.284016	0.000000	0.080559	0.077996	5.1
288	1.283564	0.000000	0.080559	0.078846	5.5
289	1.283088	0.000000	0.080559	0.080281	4.6
290	1.282599	0.000000	0.080559	0.079215	5.6
291	1.281974	0.000000	0.080559	0.082166	6.7
292	1.281293	0.000000	0.080559	0.082699	4.9
293	1.280758	0.000000	0.080559	0.083466	5.1
294	1.280211	0.000000	0.080559	0.083682	5.5
295	1.279657	0.000000	0.080559	0.083470	4.9
296	1.279096	0.000000	0.080559	0.084063	5.2
297	1.278542	0.000000	0.080559	0.082758	5.4
298	1.277944	0.000000	0.080559	0.081438	4.9
299	1.277370	0.000000	0.080559	0.080331	5.1
300	1.276854	0.000000	0.080559	0.078784	4.8
301	1.276361	0.000000	0.080559	0.078307	5.5
302	1.275856	0.000000	0.080559	0.077381	5.0
303	1.275365	0.000000	0.080559	0.078151	5.0
304	1.274875	0.000000	0.080559	0.076670	5.4
305	1.274394	0.000000	0.080559	0.076778	5.0
306	1.273961	0.000000	0.080559	0.076404	5.0
307	1.272453	0.000000	0.080559	0.080086	5.4
308	1.271908	0.000000	0.080559	0.078752	5.0
309	1.271397	0.000000	0.080559	0.081707	5.5
310	1.270880	0.000000	0.080559	0.081151	5.7
311	1.270359	0.000000	0.080559	0.081047	5.1
312	1.269859	0.000000	0.080559	0.079889	5.2
313	1.269353	0.000000	0.080559	0.081211	5.3
314	1.268820	0.000000	0.080559	0.082070	5.1
315	1.268258	0.000000	0.080559	0.082886	5.2
316	1.267691	0.000000	0.080559	0.081224	5.1
317	1.267175	0.000000	0.080559	0.080427	5.3
318	1.266639	0.000000	0.080559	0.080265	5.1
319	1.266093	0.000000	0.080559	0.078704	5.0
320	1.265621	0.000000	0.080559	0.077021	5.2
321	1.264928	0.000000	0.080559	0.077610	5.2
322	1.264454	0.000000	0.080559	0.077255	5.2
323	1.264008	0.000000	0.080559	0.076125	5.6
324	1.263485	0.000000	0.080559	0.078459	4.7
325	1.263002	0.000000	0.080559	0.079244	5.5
326	1.262517	0.000000	0.080559	0.077842	5.3
327	1.262036	0.000000	0.080559	0.077249	4.8
328	1.261547	0.000000	0.080559	0.076998	5.3
329	1.261064	0.000000	0.080559	0.075572	5.6
330	1.260621	0.000000	0.080559	0.074694	5.3
331	1.260189	0.000000	0.080559	0.074080	5.5
332	1.259760	0.000000	0.080559	0.073021	5.4
333	1.259369	0.000000	0.080559	0.071560	5.3
334	1.258978	0.000000	0.080559	0.070227	5.1
335	1.258570	0.000000	0.080559	0.069509	5.2
336	1.258194	0.000000	0.080559	0.068090	5.4
337	1.257876	0.000000	0.080559	0.066638	5.2
338	1.257475	0.000000	0.080559	0.065641	5.2
339	1.257112	0.000000	0.080559	0.064332	5.3
340	1.256815	0.000000	0.080559	0.063470	4.9
341	1.256494	0.000000	0.080559	0.062709	5.2
342	1.256192	0.000000	0.080559	0.061688	5.5
343	1.255917	0.000000	0.080559	0.061159	5.0
344	1.255644	0.000000	0.080559	0.059739	5.2
345	1.255127	0.000000	0.080559	0.060467	5.7
346	1.254855	0.000000	0.080559	0.059747	4.8
347	1.254606	0.000000	0.080559	0.059600	5.5
348	1.254331	0.000000	0.080559	0.058812	5.0
349	1.254040	0.000000	0.080559	0.057761	4.9
350	1.253785	0.000000	0.080559	0.056514	5.4
351	1.253407	0.000000	0.080559	0.056146	5.0
352	1.253180	0.000000	0.080559	0.056983	5.6
353	1.252947	0.000000	0.080559	0.056061	5.2
354	1.252708	0.000000	0.080559	0.055376	5.0
355	1.252472	0.000000	0.080559	0.054286	5.4
356	1.252257	0.000000	0.080559	0.053832	5.0
357	1.252014	0.000000	0.080559	0.055291	5.2
358	1.251784	0.000000	0.080559	0.054193	5.5
359	1.251565	0.000000	0.080559	0.054128	5.0
360	1.251380	0.000000	0.080559	0.053056	5.1
361	1.251180	0.000000	0.080559	0.051978	5.6
362	1.250974	0.000000	0.080559	0.051376	4.9
363	1.250802	0.000000	0.080559	0.050952	5.5
364	1.250597	0.000000	0.080559	0.057207	5.8
365	1.250341	0.000000	0.080559	0.056139	4.9
366	1.250123	0.000000	0.080559	0.054891	5.7
367	1.249906	0.000000	0.080559	0.053953	5.6
368	1.249673	0.000000	0.080559	0.053012	5.1
369	1.249453	0.000000	0.080559	0.053343	5.1
370	1.249259	0.000000	0.080559	0.052252	5.2
371	1.249044	0.000000	0.080559	0.054777	4.9
372	1.248794	0.000000	0.080559	0.053842	5.6
373	1.248542	0.000000	0.080559	0.058700	4.9
374	1.248329	0.000000	0.080559	0.057349	5.3
375	1.248056	0.000000	0.080559	0.055917	5.2
376	1.247802	0.000000	0.080559	0.059213	5.0
377	1.247531	0.000000	0.080559	0.058079	5.6
378	1.247284	0.000000	0.080559	0.056808	5.2
379	1.247031	0.000000	0.080559	0.054783	5.4
380	1.246802	0.000000	0.080559	0.053255	5.8
381	1.246572	0.000000	0.080559	0.052484	5.6
382	1.246377	0.000000	0.080559	0.051403	5.2
383	1.246181	0.000000	0.080559	0.050391	5.6
384	1.246039	0.000000	0.080559	0.048718	5.2
385	1.245834	0.000000	0.080559	0.051434	5.6
386	1.245613	0.000000	0.080559	0.050893	5.4
387	1.245427	0.000000	0.080559	0.050029	4.7
388	1.245247	0.000000	0.080559	0.049984	5.4
389	1.245040	0.000000	0.080559	0.048992	5.5
390	1.244840	0.000000	0.080559	0.048067	4.8
391	1.244662	0.000000	0.080559	0.047088	5.4
392	1.244418	0.000000	0.080559	0.046406	5.4
393	1.244251	0.000000	0.080559	0.044906	4.9
394	1.244075	0.000000	0.080559	0.045432	5.3
395	1.243913	0.000000	0.080559	0.044472	4.9
396	1.243730	0.000000	0.080559	0.043939	5.3
397	1.243591	0.000000	0.080559	0.043667	5.1
398	1.243303	0.000000	0.080559	0.043308	5.4
399	1.243140	0.000000	0.080559	0.044126	5.4
400	1.242982	0.000000	0.080559	0.043477	4.9
401	1.242822	0.000000	0.080559	0.043169	5.2
402	1.242670	0.000000	0.080559	0.042933	5.3
403	1.242524	0.000000	0.080559	0.042393	5.2
404	1.242391	0.000000	0.080559	0.043661	5.1
405	1.242215	0.000000	0.080559	0.042913	5.7
406	1.242068	0.000000	0.080559	0.043115	4.6
407	1.241930	0.000000	0.080559	0.043130	5.6
408	1.241806	0.000000	0.080559	0.043066	4.9
409	1.241649	0.000000	0.080559	0.045467	4.9
410	1.241466	0.000000	0.080559	0.045527	5.4
411	1.241296	0.000000	0.080559	0.044508	5.2
412	1.241174	0.000000	0.080559	0.045662	5.5
413	1.240998	0.000000	0.080559	0.049834	5.0
414	1.240823	0.000000	0.080559	0.048398	4.9
415	1.240652	0.000000	0.080559	0.049431	5.5
416	1.240433	0.000000	0.080559	0.050080	4.8
417	1.240095	0.000000	0.080559	0.049817	5.1
418	1.239991	0.000000	0.080559	0.063418	5.5
419	1.239729	0.000000	0.080559	0.062937	5.0
420	1.239437	0.000000	0.080559	0.066414	5.2
421	1.239102	0.000000	0.080559	0.083202	5.4
422	1.238568	0.000000	0.080559	0.080361	4.8
423	1.238109	0.000000	0.080559	0.081297	5.4
424	1.237633	0.000000	0.080559	0.079809	5.8
425	1.237163	0.000000	0.080559	0.081195	4.9
426	1.236713	0.000000	0.080559	0.087863	5.3
427	1.236227	0.000000	0.080559	0.091074	4.6
428	1.235652	0.000000	0.080559	0.091841	5.7
429	1.234993	0.000000	0.080559	0.090335	4.9
430	1.234440	0.000000	0.080559	0.090240	5.0
431	1.233843	0.000000	0.080559	0.093857	5.4
432	1.233188	0.000000	0.080559	0.091870	4.8
433	1.232540	0.000000	0.080559	0.099792	5.2
434	1.231813	0.000000	0.080559	0.099262	5.2
435	1.231089	0.000000	0.080559	0.097286	4.8
436	1.230429	0.000000	0.080559	0.094195	5.3
437	1.229792	0.000000	0.080559	0.092385	5.3
438	1.229159	0.000000	0.080559	0.091373	5.1
439	1.228622	0.000000	0.080559	0.088341	5.6
440	1.228086	0.000000	0.080559	0.087277	5.0
441	1.227540	0.000000	0.080559	0.084947	5.4
442	1.227047	0.000000	0.080559	0.085026	6.2
443	1.226563	0.000000	0.080559	0.082390	6.7
444	1.226050	0.000000	0.080559	0.091761	5.2
445	1.225437	0.000000	0.080559	0.088952	5.3
446	1.224873	0.000000	0.080559	0.090264	4.9
447	1.224314	0.000000	0.080559	0.088066	5.5
448	1.223801	0.000000	0.080559	0.086704	5.3
449	1.223282	0.000000	0.080559	0.085177	5.8
450	1.222781	0.000000	0.080559	0.086372	5.9
451	1.222248	0.000000	0.080559	0.087874	6.1
452	1.221671	0.000000	0.080559	0.087686	5.7
453	1.221096	0.000000	0.080559	0.089441	5.1
454	1.220571	0.000000	0.080559	0.091555	5.4
455	1.220039	0.000000	0.080559	0.092662	5.3
456	1.219417	0.000000	0.080559	0.090674	5.2
457	1.218808	0.000000	0.080559	0.088618	5.3
458	1.218218	0.000000	0.080559	0.087645	5.1
459	1.217639	0.000000	0.080559	0.094019	5.3
460	1.217183	0.000000	0.080559	0.093374	5.0
461	1.216639	0.000000	0.080559	0.093607	5.1
462	1.216006	0.000000	0.080559	0.093901	5.3
463	1.215419	0.000000	0.080559	0.092857	4.9
464	1.214918	0.000000	0.080559	0.090305	5.1
465	1.214322	0.000000	0.080559	0.097387	5.4
466	1.213603	0.000000	0.080559	0.097940	4.9
467	1.212962	0.000000	0.080559	0.098839	5.4
468	1.212264	0.000000	0.080559	0.100888	9.9
469	1.211603	0.000000	0.080559	0.104870	5.5
470	1.210863	0.000000	0.080559	0.103753	6.9
471	1.210107	0.000000	0.080559	0.103265	5.3
472	1.209361	0.000000	0.080559	0.101969	6.0
473	1.208685	0.000000	0.080559	0.101555	6.2
474	1.207848	0.000000	0.080559	0.099643	5.5
475	1.207120	0.000000	0.080559	0.101648	6.2
476	1.206372	0.000000	0.080559	0.110603	6.2
477	1.205782	0.000000	0.080559	0.111595	6.1
478	1.204803	0.000000	0.080559	0.111326	5.7
479	1.203872	0.000000	0.080559	0.111027	6.2
480	1.203102	0.000000	0.080559	0.109903	5.9
481	1.202293	0.000000	0.080559	0.108922	6.1
482	1.201592	0.000000	0.080559	0.108171	6.2
483	1.200784	0.000000	0.080559	0.108005	6.1
484	1.199792	0.000000	0.080559	0.109691	6.0
485	1.199167	0.000000	0.080559	0.107731	5.3
486	1.198263	0.000000	0.080559	0.112245	6.1
487	1.197414	0.000000	0.080559	0.110497	6.8
488	1.196663	0.000000	0.080559	0.109429	6.8
489	1.195861	0.000000	0.080559	0.108619	7.2
490	1.195093	0.000000	0.080559	0.112479	6.2
491	1.194109	0.000000	0.080559	0.113563	6.8
492	1.193257	0.000000	0.080559	0.114406	6.4
493	1.192543	0.000000	0.080559	0.116436	4.6
494	1.190632	0.000000	0.080559	0.117717	5.4
495	1.189670	0.000000	0.080559	0.122932	5.6
496	1.188462	0.000000	0.080559	0.122966	4.9
497	1.186265	0.000000	0.080559	0.122449	5.3
498	1.185292	0.000000	0.080559	0.119619	5.4
499	1.184355	0.000000	0.080559	0.117245	5.0
500	1.183121	0.000000	0.080559	0.118898	5.2
501	1.182102	0.000000	0.080559	0.116385	5.5
502	1.181236	0.000000	0.080559	0.115455	4.8
503	1.180327	0.000000	0.080559	0.115837	5.4
504	1.179423	0.000000	0.080559	0.118673	4.8
505	1.178541	0.000000	0.080559	0.116589	5.6
506	1.177616	0.000000	0.080559	0.116288	5.2
507	1.176783	0.000000	0.080559	0.112204	4.8
508	1.175957	0.000000	0.080559	0.113164	5.4
509	1.174910	0.000000	0.080559	0.110393	5.2
510	1.174006	0.000000	0.080559	0.115418	5.0
511	1.173059	0.000000	0.080559	0.115163	5.3
Time spent in resolution 1 (ITK initialization and iterating): 2.94
Stopping condition: Maximum number of iterations has been reached.
Settings of AdaptiveStochasticGradientDescent in resolution 1:
( SP_a 1.691735 )
( SP_A 20.000000 )
( SP_alpha 1.000000 )
( SigmoidMax 1.000000 )
( SigmoidMin -0.010000 )
( SigmoidScale 0.000000 )


Resolution: 2
WARNING: The parameter "NewSamplesEveryIteration", requested at entry number 2, does not exist at all.
  The default value "false" is used instead.
WARNING: The parameter "ShowExactMetricValue", requested at entry number 2, does not exist at all.
  The default value "false" is used instead.
WARNING: The parameter "CheckNumberOfSamples", requested at entry number 2, does not exist at all.
  The default value "true" is used instead.
WARNING: The parameter "UseMultiThreadingForMetrics", requested at entry number 2, does not exist at all.
  The default value "true" is used instead.
WARNING: The parameter "NewSamplesEveryIteration", requested at entry number 2, does not exist at all.
  The default value "false" is used instead.
Setting the fixed masks took: 0 ms.
Setting the moving masks took: 0 ms.
WARNING: The parameter "UseNormalization", requested at entry number 2, does not exist at all.
  The default value "false" is used instead.
WARNING: The parameter "SP_A", requested at entry number 2, does not exist at all.
  The default value "20" is used instead.
WARNING: The parameter "MaximumNumberOfSamplingAttempts", requested at entry number 2, does not exist at all.
  The default value "0" is used instead.
WARNING: The parameter "SigmoidInitialTime", requested at entry number 2, does not exist at all.
  The default value "0" is used instead.
WARNING: The parameter "MaxBandCovSize", requested at entry number 2, does not exist at all.
  The default value "192" is used instead.
WARNING: The parameter "NumberOfBandStructureSamples", requested at entry number 2, does not exist at all.
  The default value "10" is used instead.
WARNING: The parameter "UseAdaptiveStepSizes", requested at entry number 2, does not exist at all.
  The default value "true" is used instead.
WARNING: The parameter "UseConstantStep", requested at entry number 2, does not exist at all.
  The default value "false" is used instead.
WARNING: The parameter "MaximumStepLengthRatio", requested at entry number 2, does not exist at all.
  The default value "1" is used instead.
WARNING: The parameter "MaximumStepLength", requested at entry number 2, does not exist at all.
  The default value "1" is used instead.
WARNING: The parameter "NumberOfGradientMeasurements", requested at entry number 2, does not exist at all.
  The default value "0" is used instead.
WARNING: The parameter "NumberOfJacobianMeasurements", requested at entry number 2, does not exist at all.
  The default value "1000" is used instead.
WARNING: The parameter "NumberOfSamplesForExactGradient", requested at entry number 2, does not exist at all.
  The default value "100000" is used instead.
WARNING: The parameter "SigmoidScaleFactor", requested at entry number 2, does not exist at all.
  The default value "0.1" is used instead.
Elastix initialization of all components (for this resolution) took: 0 ms.
Initialization of AdvancedMeanSquares metric took: 5 ms.
Starting automatic parameter estimation for AdaptiveStochasticGradientDescent ...
WARNING: The parameter "ASGDParameterEstimationMethod", requested at entry number 0, does not exist at all.
  The default value "Original" is used instead.
  Computing JacobianTerms ...
  Computing the Jacobian terms took 0.000802s
  NumberOfGradientMeasurements to estimate sigma_i: 3
  Sampling gradients ...
  Sampling the gradients took 0.131512s
Automatic parameter estimation took 0.13s
1:ItNr	2:Metric	3a:Time	3b:StepSize	4:||Gradient||	Time[ms]
0	5.098257	0.000000	1.002768	0.429091	181.1
1	4.997191	0.000000	1.002768	0.333977	40.8
2	4.990750	1.000000	0.957188	0.392565	42.0
3	4.961927	2.000000	0.915571	0.368649	39.5
4	4.904257	1.990000	0.915969	0.254043	40.7
5	4.865002	2.990000	0.877788	0.291054	40.3
6	4.863822	2.980000	0.878154	0.273371	40.2
7	4.840645	2.970000	0.878521	0.324075	40.8
8	4.828183	3.970000	0.843338	0.303290	43.6
9	4.789905	4.970000	0.810864	0.338900	39.8
10	4.754263	5.970000	0.780799	0.233601	39.8
11	4.737279	6.970000	0.752883	0.129302	39.6
12	4.730417	7.970000	0.726895	0.168461	40.6
13	4.709402	7.960000	0.727146	0.202731	40.8
14	4.686376	7.950000	0.727397	0.137974	40.8
15	4.674100	7.940000	0.727648	0.202351	39.9
16	4.660279	7.930000	0.727900	0.191090	41.6
17	4.634776	7.920000	0.728151	0.154861	40.0
18	4.633673	7.910000	0.728403	0.103732	40.2
19	4.631606	7.900000	0.728655	0.120608	41.0
20	4.628455	8.900000	0.704286	0.082994	40.1
21	4.623772	9.900000	0.681493	0.080963	40.2
22	4.618073	9.890000	0.681714	0.127510	38.9
23	4.607665	9.880000	0.681935	0.217783	40.7
24	4.577571	9.870000	0.682155	0.350348	45.3
25	4.543588	9.860000	0.682376	0.325406	40.7
26	4.534990	10.860000	0.660958	0.394044	40.8
27	4.542672	11.860000	0.640844	0.467209	40.1
28	4.546640	12.860000	0.621918	0.447592	41.0
29	4.530408	13.860000	0.604077	0.415171	43.6
30	4.530076	14.860000	0.587232	0.462904	39.8
31	4.539060	15.860000	0.571301	0.471111	40.4
32	4.529697	16.860000	0.556211	0.429408	40.3
33	4.528109	17.860000	0.541898	0.379443	39.6
34	4.519376	18.860000	0.528302	0.322019	40.4
35	4.514690	19.860000	0.515373	0.262126	40.0
36	4.508584	20.860000	0.503061	0.214026	42.0
37	4.507858	21.860000	0.491324	0.176082	38.9
38	4.504289	22.860000	0.480122	0.157485	40.7
39	4.505340	23.860000	0.469419	0.135597	40.7
40	4.502212	24.860000	0.459183	0.109609	40.2
41	4.502994	25.860000	0.449384	0.091881	41.3
42	4.500702	26.860000	0.439995	0.077122	39.6
43	4.502047	27.860000	0.430989	0.058260	41.5
44	4.500459	28.860000	0.422345	0.048637	42.7
45	4.501983	29.860000	0.414041	0.039651	44.3
46	4.500545	30.860000	0.406057	0.033167	41.6
47	4.501566	31.860000	0.398376	0.033161	39.5
48	4.500711	32.860000	0.390979	0.033414	38.7
49	4.501542	33.860000	0.383852	0.033661	40.3
50	4.500688	34.860000	0.376981	0.033510	40.7
51	4.501546	35.860000	0.370351	0.032970	42.3
52	4.500654	36.860000	0.363950	0.028050	39.4
53	4.501141	37.860000	0.357767	0.024991	39.5
54	4.500982	38.860000	0.351790	0.021359	41.3
55	4.501052	39.860000	0.346009	0.017877	40.2
56	4.501153	40.860000	0.340416	0.015573	45.7
57	4.501036	41.860000	0.335001	0.013542	39.8
58	4.501209	42.860000	0.329755	0.011145	41.1
59	4.501118	43.860000	0.324671	0.009071	41.0
60	4.501189	44.860000	0.319741	0.007269	39.9
61	4.501119	45.860000	0.314959	0.005404	42.2
62	4.501145	46.860000	0.310317	0.004148	43.1
63	4.501125	47.860000	0.305811	0.002814	39.8
64	4.501134	48.860000	0.301433	0.002419	40.1
65	4.501148	49.860000	0.297179	0.002258	42.0
66	4.501134	50.860000	0.293044	0.002163	40.0
67	4.501148	51.860000	0.289022	0.002052	40.0
68	4.501134	52.860000	0.285109	0.001913	39.9
69	4.501143	53.860000	0.281300	0.001748	40.3
70	4.501139	54.860000	0.277592	0.001598	41.1
71	4.501143	55.860000	0.273980	0.001373	44.5
72	4.501138	56.860000	0.270462	0.001141	40.6
73	4.501138	57.860000	0.267032	0.000914	41.2
74	4.501134	58.860000	0.263688	0.000715	39.3
75	4.501138	59.860000	0.260427	0.000545	40.4
76	4.501134	60.860000	0.257246	0.000403	43.5
77	4.501134	61.860000	0.254141	0.000284	44.1
78	4.501134	62.860000	0.251111	0.000195	48.4
79	4.501134	63.860000	0.248152	0.000133	43.1
80	4.501134	64.860000	0.245261	0.000087	41.5
81	4.501134	65.860000	0.242438	0.000055	40.6
82	4.501134	66.860000	0.239678	0.000037	41.7
83	4.501134	67.860000	0.236981	0.000025	40.8
84	4.501134	68.860000	0.234344	0.000016	41.8
85	4.501134	69.860000	0.231765	0.000010	40.9
86	4.501134	70.860000	0.229242	0.000006	39.5
87	4.501134	71.860000	0.226773	0.000004	40.9
88	4.501134	72.860000	0.224357	0.000002	41.5
89	4.501134	73.860000	0.221992	0.000001	41.6
90	4.501134	74.860000	0.219676	0.000001	40.5
91	4.501134	75.860000	0.217408	0.000000	41.0
92	4.501134	76.860000	0.215186	0.000000	41.0
93	4.501134	77.573005	0.213630	0.000000	41.5
94	4.501134	77.601572	0.213568	0.000000	40.4
95	4.501134	77.605375	0.213560	0.000000	40.9
96	4.501134	77.606149	0.213558	0.000000	41.0
97	4.501134	77.606323	0.213558	0.000000	42.3
98	4.501134	77.606362	0.213558	0.000000	40.9
99	4.501134	77.606372	0.213558	0.000000	41.4
100	4.501134	77.606374	0.213558	0.000000	42.0
101	4.501134	77.606374	0.213558	0.000000	45.7
102	4.501134	77.606374	0.213558	0.000000	42.8
103	4.501134	77.606374	0.213558	0.000000	43.4
104	4.501134	77.606374	0.213558	0.000000	44.2
105	4.501134	77.606374	0.213558	0.000000	44.0
106	4.501134	77.606374	0.213558	0.000000	42.2
107	4.501134	77.606374	0.213558	0.000000	44.1
108	4.501134	77.606374	0.213558	0.000000	45.5
109	4.501134	77.606374	0.213558	0.000000	44.3
110	4.501134	77.606374	0.213558	0.000000	43.5
111	4.501134	77.606374	0.213558	0.000000	51.6
112	4.501134	77.606374	0.213558	0.000000	48.3
113	4.501134	77.606374	0.213558	0.000000	48.8
114	4.501134	77.606374	0.213558	0.000000	51.8
115	4.501134	77.606374	0.213558	0.000000	45.1
116	4.501134	77.606374	0.213558	0.000000	43.3
117	4.501134	77.606374	0.213558	0.000000	43.8
118	4.501134	77.606374	0.213558	0.000000	43.4
119	4.501134	77.606374	0.213558	0.000000	45.4
120	4.501134	77.606374	0.213558	0.000000	44.7
121	4.501134	77.606374	0.213558	0.000000	42.2
122	4.501134	77.606374	0.213558	0.000000	45.0
123	4.501134	77.606374	0.213558	0.000000	45.1
124	4.501134	77.606374	0.213558	0.000000	42.2
125	4.501134	77.606374	0.213558	0.000000	49.6
126	4.501134	77.606374	0.213558	0.000000	49.9
127	4.501134	77.606374	0.213558	0.000000	47.4
128	4.501134	77.606374	0.213558	0.000000	41.8
129	4.501134	77.606374	0.213558	0.000000	41.4
130	4.501134	77.606374	0.213558	0.000000	40.7
131	4.501134	77.606374	0.213558	0.000000	41.5
132	4.501134	77.606374	0.213558	0.000000	41.6
133	4.501134	77.606374	0.213558	0.000000	40.9
134	4.501134	77.606374	0.213558	0.000000	41.6
135	4.501134	77.606374	0.213558	0.000000	44.8
136	4.501134	77.606374	0.213558	0.000000	46.1
137	4.501134	77.606374	0.213558	0.000000	42.3
138	4.501134	77.606374	0.213558	0.000000	42.9
139	4.501134	77.606374	0.213558	0.000000	42.6
140	4.501134	77.606374	0.213558	0.000000	41.0
141	4.501134	77.606374	0.213558	0.000000	42.8
142	4.501134	77.606374	0.213558	0.000000	43.5
143	4.501134	77.606374	0.213558	0.000000	43.6
144	4.501134	77.606374	0.213558	0.000000	42.1
145	4.501134	77.606374	0.213558	0.000000	42.5
146	4.501134	77.606374	0.213558	0.000000	41.8
147	4.501134	77.606374	0.213558	0.000000	43.2
148	4.501134	77.606374	0.213558	0.000000	42.3
149	4.501134	77.606374	0.213558	0.000000	42.3
150	4.501134	77.606374	0.213558	0.000000	43.3
151	4.501134	77.606374	0.213558	0.000000	41.8
152	4.501134	77.606374	0.213558	0.000000	42.8
153	4.501134	77.606374	0.213558	0.000000	41.4
154	4.501134	77.606374	0.213558	0.000000	44.0
155	4.501134	77.606374	0.213558	0.000000	41.8
156	4.501134	77.606374	0.213558	0.000000	43.1
157	4.501134	77.606374	0.213558	0.000000	44.1
158	4.501134	77.606374	0.213558	0.000000	41.4
159	4.501134	77.606374	0.213558	0.000000	40.6
160	4.501134	77.606374	0.213558	0.000000	41.9
161	4.501134	77.606374	0.213558	0.000000	40.9
162	4.501134	77.606374	0.213558	0.000000	43.2
163	4.501134	77.606374	0.213558	0.000000	42.0
164	4.501134	77.606374	0.213558	0.000000	42.0
165	4.501134	77.606374	0.213558	0.000000	43.1
166	4.501134	77.606374	0.213558	0.000000	42.8
167	4.501134	77.606374	0.213558	0.000000	47.8
168	4.501134	77.606374	0.213558	0.000000	42.1
169	4.501134	77.606374	0.213558	0.000000	43.6
170	4.501134	77.606374	0.213558	0.000000	41.7
171	4.501134	77.606374	0.213558	0.000000	42.0
172	4.501134	77.606374	0.213558	0.000000	41.9
173	4.501134	77.606374	0.213558	0.000000	42.3
174	4.501134	77.606374	0.213558	0.000000	41.5
175	4.501134	77.606374	0.213558	0.000000	41.4
176	4.501134	77.606374	0.213558	0.000000	42.1
177	4.501134	77.606374	0.213558	0.000000	41.2
178	4.501134	77.606374	0.213558	0.000000	42.8
179	4.501134	77.606374	0.213558	0.000000	42.2
180	4.501134	77.606374	0.213558	0.000000	43.2
181	4.501134	77.606374	0.213558	0.000000	42.5
182	4.501134	77.606374	0.213558	0.000000	42.5
183	4.501134	77.606374	0.213558	0.000000	42.3
184	4.501134	77.606374	0.213558	0.000000	42.0
185	4.501134	77.606374	0.213558	0.000000	42.4
186	4.501134	77.606374	0.213558	0.000000	41.9
187	4.501134	77.606374	0.213558	0.000000	41.3
188	4.501134	77.606374	0.213558	0.000000	42.6
189	4.501134	77.606374	0.213558	0.000000	43.6
190	4.501134	77.606374	0.213558	0.000000	41.9
191	4.501134	77.606374	0.213558	0.000000	41.1
192	4.501134	77.606374	0.213558	0.000000	42.7
193	4.501134	77.606374	0.213558	0.000000	42.4
194	4.501134	77.606374	0.213558	0.000000	41.9
195	4.501134	77.606374	0.213558	0.000000	41.9
196	4.501134	77.606374	0.213558	0.000000	49.5
197	4.501134	77.606374	0.213558	0.000000	44.7
198	4.501134	77.606374	0.213558	0.000000	41.6
199	4.501134	77.606374	0.213558	0.000000	42.3
200	4.501134	77.606374	0.213558	0.000000	43.1
201	4.501134	77.606374	0.213558	0.000000	41.7
202	4.501134	77.606374	0.213558	0.000000	42.1
203	4.501134	77.606374	0.213558	0.000000	45.4
204	4.501134	77.606374	0.213558	0.000000	50.7
205	4.501134	77.606374	0.213558	0.000000	52.8
206	4.501134	77.606374	0.213558	0.000000	44.8
207	4.501134	77.606374	0.213558	0.000000	42.0
208	4.501134	77.606374	0.213558	0.000000	41.5
209	4.501134	77.606374	0.213558	0.000000	44.0
210	4.501134	77.606374	0.213558	0.000000	42.3
211	4.501134	77.606374	0.213558	0.000000	42.3
212	4.501134	77.606374	0.213558	0.000000	43.4
213	4.501134	77.606374	0.213558	0.000000	45.1
214	4.501134	77.606374	0.213558	0.000000	43.1
215	4.501134	77.606374	0.213558	0.000000	44.0
216	4.501134	77.606374	0.213558	0.000000	42.8
217	4.501134	77.606374	0.213558	0.000000	41.8
218	4.501134	77.606374	0.213558	0.000000	42.0
219	4.501134	77.606374	0.213558	0.000000	42.7
220	4.501134	77.606374	0.213558	0.000000	46.7
221	4.501134	77.606374	0.213558	0.000000	43.1
222	4.501134	77.606374	0.213558	0.000000	44.3
223	4.501134	77.606374	0.213558	0.000000	41.8
224	4.501134	77.606374	0.213558	0.000000	43.4
225	4.501134	77.606374	0.213558	0.000000	43.0
226	4.501134	77.606374	0.213558	0.000000	41.7
227	4.501134	77.606374	0.213558	0.000000	43.8
228	4.501134	77.606374	0.213558	0.000000	42.8
229	4.501134	77.606374	0.213558	0.000000	42.9
230	4.501134	77.606374	0.213558	0.000000	48.9
231	4.501134	77.606374	0.213558	0.000000	47.5
232	4.501134	77.606374	0.213558	0.000000	44.7
233	4.501134	77.606374	0.213558	0.000000	42.7
234	4.501134	77.606374	0.213558	0.000000	45.2
235	4.501134	77.606374	0.213558	0.000000	42.6
236	4.501134	77.606374	0.213558	0.000000	42.5
237	4.501134	77.606374	0.213558	0.000000	43.3
238	4.501134	77.606374	0.213558	0.000000	43.9
239	4.501134	77.606374	0.213558	0.000000	43.4
240	4.501134	77.606374	0.213558	0.000000	42.6
241	4.501134	77.606374	0.213558	0.000000	44.6
242	4.501134	77.606374	0.213558	0.000000	42.5
243	4.501134	77.606374	0.213558	0.000000	49.2
244	4.501134	77.606374	0.213558	0.000000	44.5
245	4.501134	77.606374	0.213558	0.000000	42.8
246	4.501134	77.606374	0.213558	0.000000	43.3
247	4.501134	77.606374	0.213558	0.000000	41.8
248	4.501134	77.606374	0.213558	0.000000	42.1
249	4.501134	77.606374	0.213558	0.000000	41.7
250	4.501134	77.606374	0.213558	0.000000	43.1
251	4.501134	77.606374	0.213558	0.000000	41.0
252	4.501134	77.606374	0.213558	0.000000	42.8
253	4.501134	77.606374	0.213558	0.000000	42.4
254	4.501134	77.606374	0.213558	0.000000	43.0
255	4.501134	77.606374	0.213558	0.000000	43.0
256	4.501134	77.606374	0.213558	0.000000	43.1
257	4.501134	77.606374	0.213558	0.000000	42.9
258	4.501134	77.606374	0.213558	0.000000	43.6
259	4.501134	77.606374	0.213558	0.000000	42.7
260	4.501134	77.606374	0.213558	0.000000	47.3
261	4.501134	77.606374	0.213558	0.000000	44.6
262	4.501134	77.606374	0.213558	0.000000	45.6
263	4.501134	77.606374	0.213558	0.000000	42.8
264	4.501134	77.606374	0.213558	0.000000	44.9
265	4.501134	77.606374	0.213558	0.000000	41.2
266	4.501134	77.606374	0.213558	0.000000	42.3
267	4.501134	77.606374	0.213558	0.000000	42.3
268	4.501134	77.606374	0.213558	0.000000	44.0
269	4.501134	77.606374	0.213558	0.000000	41.9
270	4.501134	77.606374	0.213558	0.000000	45.8
271	4.501134	77.606374	0.213558	0.000000	40.5
272	4.501134	77.606374	0.213558	0.000000	42.5
273	4.501134	77.606374	0.213558	0.000000	43.1
274	4.501134	77.606374	0.213558	0.000000	44.3
275	4.501134	77.606374	0.213558	0.000000	40.6
276	4.501134	77.606374	0.213558	0.000000	42.2
277	4.501134	77.606374	0.213558	0.000000	42.4
278	4.501134	77.606374	0.213558	0.000000	42.5
279	4.501134	77.606374	0.213558	0.000000	42.9
280	4.501134	77.606374	0.213558	0.000000	41.8
281	4.501134	77.606374	0.213558	0.000000	42.1
282	4.501134	77.606374	0.213558	0.000000	41.3
283	4.501134	77.606374	0.213558	0.000000	43.5
284	4.501134	77.606374	0.213558	0.000000	42.9
285	4.501134	77.606374	0.213558	0.000000	43.5
286	4.501134	77.606374	0.213558	0.000000	43.5
287	4.501134	77.606374	0.213558	0.000000	42.8
288	4.501134	77.606374	0.213558	0.000000	42.8
289	4.501134	77.606374	0.213558	0.000000	42.2
290	4.501134	77.606374	0.213558	0.000000	42.6
291	4.501134	77.606374	0.213558	0.000000	42.3
292	4.501134	77.606374	0.213558	0.000000	42.0
293	4.501134	77.606374	0.213558	0.000000	44.0
294	4.501134	77.606374	0.213558	0.000000	42.7
295	4.501134	77.606374	0.213558	0.000000	43.2
296	4.501134	77.606374	0.213558	0.000000	42.7
297	4.501134	77.606374	0.213558	0.000000	46.4
298	4.501134	77.606374	0.213558	0.000000	43.1
299	4.501134	77.606374	0.213558	0.000000	46.9
300	4.501134	77.606374	0.213558	0.000000	44.0
301	4.501134	77.606374	0.213558	0.000000	42.8
302	4.501134	77.606374	0.213558	0.000000	41.5
303	4.501134	77.606374	0.213558	0.000000	42.1
304	4.501134	77.606374	0.213558	0.000000	44.5
305	4.501134	77.606374	0.213558	0.000000	41.2
306	4.501134	77.606374	0.213558	0.000000	43.9
307	4.501134	77.606374	0.213558	0.000000	42.9
308	4.501134	77.606374	0.213558	0.000000	43.7
309	4.501134	77.606374	0.213558	0.000000	44.0
310	4.501134	77.606374	0.213558	0.000000	44.5
311	4.501134	77.606374	0.213558	0.000000	43.9
312	4.501134	77.606374	0.213558	0.000000	95.4
313	4.501134	77.606374	0.213558	0.000000	43.5
314	4.501134	77.606374	0.213558	0.000000	44.9
315	4.501134	77.606374	0.213558	0.000000	44.3
316	4.501134	77.606374	0.213558	0.000000	42.1
317	4.501134	77.606374	0.213558	0.000000	42.4
318	4.501134	77.606374	0.213558	0.000000	43.2
319	4.501134	77.606374	0.213558	0.000000	43.1
320	4.501134	77.606374	0.213558	0.000000	43.0
321	4.501134	77.606374	0.213558	0.000000	42.4
322	4.501134	77.606374	0.213558	0.000000	43.5
323	4.501134	77.606374	0.213558	0.000000	41.2
324	4.501134	77.606374	0.213558	0.000000	42.0
325	4.501134	77.606374	0.213558	0.000000	41.0
326	4.501134	77.606374	0.213558	0.000000	42.9
327	4.501134	77.606374	0.213558	0.000000	42.6
328	4.501134	77.606374	0.213558	0.000000	41.8
329	4.501134	77.606374	0.213558	0.000000	42.8
330	4.501134	77.606374	0.213558	0.000000	47.7
331	4.501134	77.606374	0.213558	0.000000	44.4
332	4.501134	77.606374	0.213558	0.000000	43.1
333	4.501134	77.606374	0.213558	0.000000	44.1
334	4.501134	77.606374	0.213558	0.000000	42.2
335	4.501134	77.606374	0.213558	0.000000	44.7
336	4.501134	77.606374	0.213558	0.000000	44.6
337	4.501134	77.606374	0.213558	0.000000	43.8
338	4.501134	77.606374	0.213558	0.000000	42.7
339	4.501134	77.606374	0.213558	0.000000	44.4
340	4.501134	77.606374	0.213558	0.000000	43.0
341	4.501134	77.606374	0.213558	0.000000	43.4
342	4.501134	77.606374	0.213558	0.000000	42.7
343	4.501134	77.606374	0.213558	0.000000	42.5
344	4.501134	77.606374	0.213558	0.000000	50.1
345	4.501134	77.606374	0.213558	0.000000	53.6
346	4.501134	77.606374	0.213558	0.000000	46.0
347	4.501134	77.606374	0.213558	0.000000	45.7
348	4.501134	77.606374	0.213558	0.000000	44.7
349	4.501134	77.606374	0.213558	0.000000	44.5
350	4.501134	77.606374	0.213558	0.000000	44.9
351	4.501134	77.606374	0.213558	0.000000	43.3
352	4.501134	77.606374	0.213558	0.000000	42.0
353	4.501134	77.606374	0.213558	0.000000	42.9
354	4.501134	77.606374	0.213558	0.000000	43.4
355	4.501134	77.606374	0.213558	0.000000	43.4
356	4.501134	77.606374	0.213558	0.000000	43.7
357	4.501134	77.606374	0.213558	0.000000	51.2
358	4.501134	77.606374	0.213558	0.000000	47.2
359	4.501134	77.606374	0.213558	0.000000	46.8
360	4.501134	77.606374	0.213558	0.000000	47.2
361	4.501134	77.606374	0.213558	0.000000	46.5
362	4.501134	77.606374	0.213558	0.000000	50.1
363	4.501134	77.606374	0.213558	0.000000	46.5
364	4.501134	77.606374	0.213558	0.000000	46.3
365	4.501134	77.606374	0.213558	0.000000	47.5
366	4.501134	77.606374	0.213558	0.000000	47.5
367	4.501134	77.606374	0.213558	0.000000	46.7
368	4.501134	77.606374	0.213558	0.000000	47.4
369	4.501134	77.606374	0.213558	0.000000	46.5
370	4.501134	77.606374	0.213558	0.000000	46.8
371	4.501134	77.606374	0.213558	0.000000	46.6
372	4.501134	77.606374	0.213558	0.000000	47.0
373	4.501134	77.606374	0.213558	0.000000	45.6
374	4.501134	77.606374	0.213558	0.000000	42.4
375	4.501134	77.606374	0.213558	0.000000	44.7
376	4.501134	77.606374	0.213558	0.000000	42.6
377	4.501134	77.606374	0.213558	0.000000	42.9
378	4.501134	77.606374	0.213558	0.000000	43.7
379	4.501134	77.606374	0.213558	0.000000	43.6
380	4.501134	77.606374	0.213558	0.000000	43.8
381	4.501134	77.606374	0.213558	0.000000	44.1
382	4.501134	77.606374	0.213558	0.000000	43.3
383	4.501134	77.606374	0.213558	0.000000	61.9
384	4.501134	77.606374	0.213558	0.000000	57.5
385	4.501134	77.606374	0.213558	0.000000	90.3
386	4.501134	77.606374	0.213558	0.000000	59.9
387	4.501134	77.606374	0.213558	0.000000	43.2
388	4.501134	77.606374	0.213558	0.000000	43.3
389	4.501134	77.606374	0.213558	0.000000	44.5
390	4.501134	77.606374	0.213558	0.000000	45.7
391	4.501134	77.606374	0.213558	0.000000	41.7
392	4.501134	77.606374	0.213558	0.000000	43.7
393	4.501134	77.606374	0.213558	0.000000	46.4
394	4.501134	77.606374	0.213558	0.000000	42.2
395	4.501134	77.606374	0.213558	0.000000	44.0
396	4.501134	77.606374	0.213558	0.000000	43.4
397	4.501134	77.606374	0.213558	0.000000	43.6
398	4.501134	77.606374	0.213558	0.000000	44.0
399	4.501134	77.606374	0.213558	0.000000	43.5
400	4.501134	77.606374	0.213558	0.000000	42.6
401	4.501134	77.606374	0.213558	0.000000	45.3
402	4.501134	77.606374	0.213558	0.000000	40.6
403	4.501134	77.606374	0.213558	0.000000	44.4
404	4.501134	77.606374	0.213558	0.000000	43.1
405	4.501134	77.606374	0.213558	0.000000	43.0
406	4.501134	77.606374	0.213558	0.000000	45.3
407	4.501134	77.606374	0.213558	0.000000	44.1
408	4.501134	77.606374	0.213558	0.000000	42.1
409	4.501134	77.606374	0.213558	0.000000	43.9
410	4.501134	77.606374	0.213558	0.000000	42.9
411	4.501134	77.606374	0.213558	0.000000	42.7
412	4.501134	77.606374	0.213558	0.000000	43.6
413	4.501134	77.606374	0.213558	0.000000	42.6
414	4.501134	77.606374	0.213558	0.000000	43.5
415	4.501134	77.606374	0.213558	0.000000	41.8
416	4.501134	77.606374	0.213558	0.000000	45.4
417	4.501134	77.606374	0.213558	0.000000	43.5
418	4.501134	77.606374	0.213558	0.000000	43.9
419	4.501134	77.606374	0.213558	0.000000	43.5
420	4.501134	77.606374	0.213558	0.000000	43.5
421	4.501134	77.606374	0.213558	0.000000	43.0
422	4.501134	77.606374	0.213558	0.000000	44.2
423	4.501134	77.606374	0.213558	0.000000	43.6
424	4.501134	77.606374	0.213558	0.000000	43.7
425	4.501134	77.606374	0.213558	0.000000	40.7
426	4.501134	77.606374	0.213558	0.000000	45.0
427	4.501134	77.606374	0.213558	0.000000	42.9
428	4.501134	77.606374	0.213558	0.000000	43.8
429	4.501134	77.606374	0.213558	0.000000	43.2
430	4.501134	77.606374	0.213558	0.000000	41.4
431	4.501134	77.606374	0.213558	0.000000	44.9
432	4.501134	77.606374	0.213558	0.000000	44.3
433	4.501134	77.606374	0.213558	0.000000	43.9
434	4.501134	77.606374	0.213558	0.000000	44.6
435	4.501134	77.606374	0.213558	0.000000	43.4
436	4.501134	77.606374	0.213558	0.000000	41.5
437	4.501134	77.606374	0.213558	0.000000	43.1
438	4.501134	77.606374	0.213558	0.000000	42.0
439	4.501134	77.606374	0.213558	0.000000	43.9
440	4.501134	77.606374	0.213558	0.000000	44.6
441	4.501134	77.606374	0.213558	0.000000	44.5
442	4.501134	77.606374	0.213558	0.000000	44.1
443	4.501134	77.606374	0.213558	0.000000	44.2
444	4.501134	77.606374	0.213558	0.000000	50.7
445	4.501134	77.606374	0.213558	0.000000	48.5
446	4.501134	77.606374	0.213558	0.000000	43.8
447	4.501134	77.606374	0.213558	0.000000	42.3
448	4.501134	77.606374	0.213558	0.000000	45.1
449	4.501134	77.606374	0.213558	0.000000	43.8
450	4.501134	77.606374	0.213558	0.000000	44.3
451	4.501134	77.606374	0.213558	0.000000	43.9
452	4.501134	77.606374	0.213558	0.000000	44.8
453	4.501134	77.606374	0.213558	0.000000	43.0
454	4.501134	77.606374	0.213558	0.000000	44.6
455	4.501134	77.606374	0.213558	0.000000	50.2
456	4.501134	77.606374	0.213558	0.000000	48.6
457	4.501134	77.606374	0.213558	0.000000	44.2
458	4.501134	77.606374	0.213558	0.000000	49.8
459	4.501134	77.606374	0.213558	0.000000	48.5
460	4.501134	77.606374	0.213558	0.000000	45.1
461	4.501134	77.606374	0.213558	0.000000	46.1
462	4.501134	77.606374	0.213558	0.000000	47.0
463	4.501134	77.606374	0.213558	0.000000	43.5
464	4.501134	77.606374	0.213558	0.000000	44.9
465	4.501134	77.606374	0.213558	0.000000	46.0
466	4.501134	77.606374	0.213558	0.000000	45.8
467	4.501134	77.606374	0.213558	0.000000	48.3
468	4.501134	77.606374	0.213558	0.000000	46.4
469	4.501134	77.606374	0.213558	0.000000	44.1
470	4.501134	77.606374	0.213558	0.000000	43.7
471	4.501134	77.606374	0.213558	0.000000	43.5
472	4.501134	77.606374	0.213558	0.000000	45.7
473	4.501134	77.606374	0.213558	0.000000	44.9
474	4.501134	77.606374	0.213558	0.000000	44.5
475	4.501134	77.606374	0.213558	0.000000	44.4
476	4.501134	77.606374	0.213558	0.000000	45.7
477	4.501134	77.606374	0.213558	0.000000	44.4
478	4.501134	77.606374	0.213558	0.000000	45.6
479	4.501134	77.606374	0.213558	0.000000	45.3
480	4.501134	77.606374	0.213558	0.000000	44.4
481	4.501134	77.606374	0.213558	0.000000	44.5
482	4.501134	77.606374	0.213558	0.000000	43.4
483	4.501134	77.606374	0.213558	0.000000	44.2
484	4.501134	77.606374	0.213558	0.000000	43.9
485	4.501134	77.606374	0.213558	0.000000	42.2
486	4.501134	77.606374	0.213558	0.000000	42.8
487	4.501134	77.606374	0.213558	0.000000	45.2
488	4.501134	77.606374	0.213558	0.000000	43.2
489	4.501134	77.606374	0.213558	0.000000	43.4
490	4.501134	77.606374	0.213558	0.000000	45.5
491	4.501134	77.606374	0.213558	0.000000	45.3
492	4.501134	77.606374	0.213558	0.000000	42.6
493	4.501134	77.606374	0.213558	0.000000	45.7
494	4.501134	77.606374	0.213558	0.000000	46.0
495	4.501134	77.606374	0.213558	0.000000	45.1
496	4.501134	77.606374	0.213558	0.000000	43.8
497	4.501134	77.606374	0.213558	0.000000	43.8
498	4.501134	77.606374	0.213558	0.000000	43.0
499	4.501134	77.606374	0.213558	0.000000	44.7
500	4.501134	77.606374	0.213558	0.000000	43.1
501	4.501134	77.606374	0.213558	0.000000	44.6
502	4.501134	77.606374	0.213558	0.000000	45.6
503	4.501134	77.606374	0.213558	0.000000	41.3
504	4.501134	77.606374	0.213558	0.000000	44.0
505	4.501134	77.606374	0.213558	0.000000	46.1
506	4.501134	77.606374	0.213558	0.000000	43.0
507	4.501134	77.606374	0.213558	0.000000	45.5
508	4.501134	77.606374	0.213558	0.000000	46.0
509	4.501134	77.606374	0.213558	0.000000	44.9
510	4.501134	77.606374	0.213558	0.000000	42.3
511	4.501134	77.606374	0.213558	0.000000	43.4
Time spent in resolution 2 (ITK initialization and iterating): 22.5
Stopping condition: Maximum number of iterations has been reached.
Settings of AdaptiveStochasticGradientDescent in resolution 2:
( SP_a 21.058138 )
( SP_A 20.000000 )
( SP_alpha 1.000000 )
( SigmoidMax 1.000000 )
( SigmoidMin -0.010000 )
( SigmoidScale 0.000000 )



=============== start of TransformParameterFile ===============
(CenterOfRotationPoint 89.5 79.5 19.5)
(Direction 1 0 0 0 1 0 0 0 1)
(FixedImageDimension 3)
(FixedInternalImagePixelType "float")
(HowToCombineTransforms "Compose")
(Index 0 0 0)
(InitialTransformParameterFileName "NoInitialTransform")
(MovingImageDimension 3)
(MovingInternalImagePixelType "float")
(NumberOfParameters 12)
(Origin 0 0 0)
(Size 180 160 40)
(Spacing 1 1 1)
(Transform "AffineTransform")
(TransformParameters 0.9812431277662141 -0.1200139415249628 0.025939141711641064 0.1890255486644076 0.9566465537370226 0.036640536227694184 0.06205649864718517 0.04641879273208059 0.8456262373537006 -0.1068586079374163 4.987340721146523 6.459644479646345)
(UseDirectionCosines "true")

// ResampleInterpolator specific
(FinalBSplineInterpolationOrder 1)
(ResampleInterpolator "FinalBSplineInterpolator")

// Resampler specific
(CompressResultImage "false")
(DefaultPixelValue 0)
(Resampler "DefaultResampler")
(ResultImageFormat "tif")
(ResultImagePixelType "float")

=============== end of TransformParameterFile ===============

Creating the TransformParameterFile took 0.00s

Registration result checksum: 3097506183

Applying final transform ...
  Applying final transform took 0.06s

Final metric value  = 4.50113
Settings of AdaptiveStochasticGradientDescent for all resolutions:
( SP_a 0.643761 1.691735 21.058138 )
( SP_A 20.000000 20.000000 20.000000 )
( SP_alpha 1.000000 1.000000 1.000000 )
( SigmoidMax 1.000000 1.000000 1.000000 )
( SigmoidMin -0.010000 -0.010000 -0.010000 )
( SigmoidScale 0.000000 0.000000 0.000000 )

Time spent on saving the results, applying the final transform etc.: 63 ms.
Running elastix with parameter file 0: "examples/affine_example/affine.txt", has finished.


Current time: Fri Sep 18 11:57:38 2026.
Time used for running elastix with this parameter file:
  26.0s.

-------------------------------------------------------------------------

Total time elapsed: 26.0s.

